
Qt Virtualkeyboard:
  Desktop integration .................... yes
  Built-in layouts ....................... yes
  Key navigation ......................... no
  Retro style as default ................. no
  Sensitive Debug ........................ no
  Cerence ................................ no
    Static Linking ....................... no
    Handwriting .......................... no
      Alphabetic ......................... no
      CJK ................................ no
    XT9 .................................. no
      XT9 Debug .......................... no
      XT9 9-key layouts .................. no
    Bundle resources ..................... no
      Handwriting ........................ no
      XT9 ................................ no
  Hunspell ............................... no
    Using Hunspell copy from 3rdparty/ ... no
  OpenWnn ................................ yes
  MyScript ............................... no
  Example HWR ............................ no
  Language support enabled for:
    Arabic ............................... yes
    Bulgarian ............................ yes
    Czech ................................ yes
    Danish ............................... yes
    German ............................... yes
    Greek ................................ yes
    English GB ........................... yes
    English US ........................... yes
    Spanish .............................. yes
    Spanish Mexico ....................... yes
    Estonian ............................. yes
    Farsi ................................ yes
    Finnish .............................. yes
    French Canada ........................ yes
    French France ........................ yes
    Hebrew ............................... yes
    Hindi ................................ yes
    Croatian ............................. yes
    Hungarian ............................ yes
    Indonesian ........................... yes
    Italian .............................. yes
    Latvian .............................. yes
    Japanese ............................. yes
    Korean ............................... yes
    Malay ................................ yes
    Norwegian ............................ yes
    Dutch ................................ yes
    Polish ............................... yes
    Portuguese Brazil .................... yes
    Portuguese Portugal .................. yes
    Romanian ............................. yes
    Russian .............................. yes
    Slovak ............................... yes
    Slovenian ............................ yes
    Albanian ............................. yes
    Serbian .............................. yes
    Swedish .............................. yes
    Thai ................................. yes
    Turkish .............................. yes
    Ukrainian ............................ yes
    Vietnamese ........................... yes
    Simplified Chinese ................... yes
    Traditional Chinese .................. yes
    HongKong Chinese ..................... no
  Traditional chinese input methods:
    Zhuyin ............................... yes
    Cangjie .............................. yes
Qt Virtualkeyboard:
  Desktop integration .................... yes
  Built-in layouts ....................... yes
  Key navigation ......................... no
  Retro style as default ................. no
  Sensitive Debug ........................ no
  Cerence ................................ no
    Static Linking ....................... no
    Handwriting .......................... no
      Alphabetic ......................... no
      CJK ................................ no
    XT9 .................................. no
      XT9 Debug .......................... no
      XT9 9-key layouts .................. no
    Bundle resources ..................... no
      Handwriting ........................ no
      XT9 ................................ no
  Hunspell ............................... no
    Using Hunspell copy from 3rdparty/ ... no
  OpenWnn ................................ yes
  MyScript ............................... no
  Example HWR ............................ no
  Language support enabled for:
    Arabic ............................... yes
    Bulgarian ............................ yes
    Czech ................................ yes
    Danish ............................... yes
    German ............................... yes
    Greek ................................ yes
    English GB ........................... yes
    English US ........................... yes
    Spanish .............................. yes
    Spanish Mexico ....................... yes
    Estonian ............................. yes
    Farsi ................................ yes
    Finnish .............................. yes
    French Canada ........................ yes
    French France ........................ yes
    Hebrew ............................... yes
    Hindi ................................ yes
    Croatian ............................. yes
    Hungarian ............................ yes
    Indonesian ........................... yes
    Italian .............................. yes
    Latvian .............................. yes
    Japanese ............................. yes
    Korean ............................... yes
    Malay ................................ yes
    Norwegian ............................ yes
    Dutch ................................ yes
    Polish ............................... yes
    Portuguese Brazil .................... yes
    Portuguese Portugal .................. yes
    Romanian ............................. yes
    Russian .............................. yes
    Slovak ............................... yes
    Slovenian ............................ yes
    Albanian ............................. yes
    Serbian .............................. yes
    Swedish .............................. yes
    Thai ................................. yes
    Turkish .............................. yes
    Ukrainian ............................ yes
    Vietnamese ........................... yes
    Simplified Chinese ................... yes
    Traditional Chinese .................. yes
    HongKong Chinese ..................... no
  Traditional chinese input methods:
    Zhuyin ............................... yes
    Cangjie .............................. yes
Note: Hunspell in Qt Virtual Keyboard is not enabled. Spelling correction will not be available.
Note: Hunspell in Qt Virtual Keyboard is not enabled. Spelling correction will not be available.
