
Qt Multimedia:
  Spatial Audio .......................... yes
  Spatial Audio (Quick3D) ................ yes
  Low level Audio Backend:
    ALSA (experimental) .................. no
    PulseAudio ........................... no
    PipeWire ............................. no
    MMRenderer ........................... no
    CoreAudio ............................ no
    AAudio (Android) ..................... no
    Web Assembly ......................... no
    WASAPI (Windows Audio Session API) ... yes
  Plugin:
    QtMM GStreamer plugin ................ no
    FFmpeg ............................... yes
    FFmpeg plugin features:
      PipeWire screen capture ............ no
    MMRenderer ........................... no
    AVFoundation ......................... no
    Native Android backend (deprecated) .. no
    Native Windows backend (deprecated) .. yes
  Hardware acceleration and features:
    Video for Linux ...................... no
    VAAPI support ........................ no
    Linux DMA buffer support ............. no
    VideoToolbox ......................... no
