 zlibwapi

 Timestamp is 5fb7c98c (Fri Nov 20 14:50:04 2020)

 Preferred load address is 0000000180000000

 Start         Length     Name                   Class
 0001:00000000 00012130H .text$mn                CODE
 0001:00012130 00000012H .text$mn$00             CODE
 0001:00012142 00000081H .text$x                 CODE
 0002:00000000 00000238H .idata$5                DATA
 0002:00000238 00000010H .00cfg                  DATA
 0002:00000248 00000008H .CRT$XCA                DATA
 0002:00000250 00000008H .CRT$XCZ                DATA
 0002:00000258 00000008H .CRT$XIA                DATA
 0002:00000260 00000008H .CRT$XIZ                DATA
 0002:00000268 00000008H .CRT$XPA                DATA
 0002:00000270 00000008H .CRT$XPZ                DATA
 0002:00000278 00000008H .CRT$XTA                DATA
 0002:00000280 00000010H .CRT$XTZ                DATA
 0002:00000288 00000000H .gfids$y                DATA
 0002:00000290 00004400H .rdata                  DATA
 0002:00004690 000002f0H .rdata$zzzdbg           DATA
 0002:00004980 00000008H .rtc$IAA                DATA
 0002:00004988 00000008H .rtc$IZZ                DATA
 0002:00004990 00000008H .rtc$TAA                DATA
 0002:00004998 00000008H .rtc$TZZ                DATA
 0002:000049a0 00001730H .xdata                  DATA
 0002:000060d0 00000cfcH .edata                  DATA
 0002:00006dcc 000000a0H .idata$2                DATA
 0002:00006e6c 00000014H .idata$3                DATA
 0002:00006e80 00000238H .idata$4                DATA
 0002:000070b8 000004eeH .idata$6                DATA
 0003:00000000 00000040H .data                   DATA
 0003:00000040 000000a0H .bss                    DATA
 0004:00000000 000010f8H .pdata                  DATA
 0005:00000000 00000060H .rsrc$01                DATA
 0005:00000060 00000338H .rsrc$02                DATA

  Address         Publics by Value              Rva+Base               Lib:Object

 0000:00000000       __guard_fids_table         0000000000000000     <absolute>
 0000:00000000       ___safe_se_handler_table   0000000000000000     <absolute>
 0000:00000000       __enclave_config           0000000000000000     <absolute>
 0000:00000000       __dynamic_value_reloc_table 0000000000000000     <absolute>
 0000:00000000       __hybrid_code_map_count    0000000000000000     <absolute>
 0000:00000000       __guard_iat_count          0000000000000000     <absolute>
 0000:00000000       __guard_longjmp_count      0000000000000000     <absolute>
 0000:00000000       ___safe_se_handler_count   0000000000000000     <absolute>
 0000:00000000       __guard_fids_count         0000000000000000     <absolute>
 0000:00000000       __hybrid_auxiliary_iat     0000000000000000     <absolute>
 0000:00000000       __volatile_metadata        0000000000000000     <absolute>
 0000:00000000       __guard_iat_table          0000000000000000     <absolute>
 0000:00000000       __guard_longjmp_table      0000000000000000     <absolute>
 0000:00000000       __hybrid_code_map          0000000000000000     <absolute>
 0000:00000100       __guard_flags              0000000000000100     <absolute>
 0000:00000000       __ImageBase                0000000180000000     <linker-defined>
 0001:00000000       adler32_z                  0000000180001000 f   adler32.obj
 0001:000002e0       adler32                    00000001800012e0 f   adler32.obj
 0001:000003c0       adler32_combine            00000001800013c0 f   adler32.obj
 0001:000003d0       compress2                  00000001800013d0 f   compress.obj
 0001:000004d0       compress                   00000001800014d0 f   compress.obj
 0001:000004f0       compressBound              00000001800014f0 f   compress.obj
 0001:00000510       get_crc_table              0000000180001510 f   crc32.obj
 0001:00000520       crc32_z                    0000000180001520 f   crc32.obj
 0001:00000530       crc32                      0000000180001530 f   crc32.obj
 0001:00000de0       crc32_combine              0000000180001de0 f   crc32.obj
 0001:00000e70       deflateInit_               0000000180001e70 f   deflate.obj
 0001:00000eb0       deflateInit2_              0000000180001eb0 f   deflate.obj
 0001:000011a0       deflateSetDictionary       00000001800021a0 f   deflate.obj
 0001:000013a0       deflateGetDictionary       00000001800023a0 f   deflate.obj
 0001:00001420       deflateResetKeep           0000000180002420 f   deflate.obj
 0001:000014d0       deflateReset               00000001800024d0 f   deflate.obj
 0001:00001500       deflateSetHeader           0000000180002500 f   deflate.obj
 0001:00001540       deflatePending             0000000180002540 f   deflate.obj
 0001:00001590       deflatePrime               0000000180002590 f   deflate.obj
 0001:00001640       deflateParams              0000000180002640 f   deflate.obj
 0001:000017b0       deflateTune                00000001800027b0 f   deflate.obj
 0001:00001800       deflateBound               0000000180002800 f   deflate.obj
 0001:000019c0       deflate                    00000001800029c0 f   deflate.obj
 0001:000022e0       deflateEnd                 00000001800032e0 f   deflate.obj
 0001:00002390       deflateCopy                0000000180003390 f   deflate.obj
 0001:00003b50       gzclose                    0000000180004b50 f   gzclose.obj
 0001:00003b70       __local_stdio_printf_options 0000000180004b70 f i gzlib.obj
 0001:00003b80       vsnprintf                  0000000180004b80 f i gzlib.obj
 0001:00003bf0       snprintf                   0000000180004bf0 f i gzlib.obj
 0001:00003fd0       gzopen                     0000000180004fd0 f   gzlib.obj
 0001:00003fe0       gzdopen                    0000000180004fe0 f   gzlib.obj
 0001:00004070       gzopen_w                   0000000180005070 f   gzlib.obj
 0001:00004080       gzbuffer                   0000000180005080 f   gzlib.obj
 0001:000040c0       gzrewind                   00000001800050c0 f   gzlib.obj
 0001:00004120       gzseek64                   0000000180005120 f   gzlib.obj
 0001:00004280       gzseek                     0000000180005280 f   gzlib.obj
 0001:000042b0       gztell64                   00000001800052b0 f   gzlib.obj
 0001:000042f0       gztell                     00000001800052f0 f   gzlib.obj
 0001:00004310       gzoffset64                 0000000180005310 f   gzlib.obj
 0001:00004370       gzoffset                   0000000180005370 f   gzlib.obj
 0001:00004390       gzeof                      0000000180005390 f   gzlib.obj
 0001:000043b0       gzerror                    00000001800053b0 f   gzlib.obj
 0001:00004400       gzclearerr                 0000000180005400 f   gzlib.obj
 0001:00004440       gz_error                   0000000180005440 f   gzlib.obj
 0001:00004c00       gzread                     0000000180005c00 f   gzread.obj
 0001:00004c70       gzfread                    0000000180005c70 f   gzread.obj
 0001:00004cf0       gzgetc                     0000000180005cf0 f   gzread.obj
 0001:00004d70       gzgetc_                    0000000180005d70 f   gzread.obj
 0001:00004d80       gzungetc                   0000000180005d80 f   gzread.obj
 0001:00004ea0       gzgets                     0000000180005ea0 f   gzread.obj
 0001:00004fe0       gzdirect                   0000000180005fe0 f   gzread.obj
 0001:00005020       gzclose_r                  0000000180006020 f   gzread.obj
 0001:000055c0       gzwrite                    00000001800065c0 f   gzwrite.obj
 0001:00005610       gzfwrite                   0000000180006610 f   gzwrite.obj
 0001:00005690       gzputc                     0000000180006690 f   gzwrite.obj
 0001:00005760       gzputs                     0000000180006760 f   gzwrite.obj
 0001:000057d0       gzvprintf                  00000001800067d0 f   gzwrite.obj
 0001:00005920       gzprintf                   0000000180006920 f   gzwrite.obj
 0001:00005950       gzflush                    0000000180006950 f   gzwrite.obj
 0001:000059c0       gzsetparams                00000001800069c0 f   gzwrite.obj
 0001:00005a70       gzclose_w                  0000000180006a70 f   gzwrite.obj
 0001:00005b40       inflateBackInit_           0000000180006b40 f   infback.obj
 0001:00005c90       inflateBack                0000000180006c90 f   infback.obj
 0001:00006ba0       inflateBackEnd             0000000180007ba0 f   infback.obj
 0001:00006bf0       inflate_fast               0000000180007bf0 f   inffas8664.obj
 0001:00006e00       inflateResetKeep           0000000180007e00 f   inflate.obj
 0001:00006e90       inflateReset               0000000180007e90 f   inflate.obj
 0001:00006ec0       inflateReset2              0000000180007ec0 f   inflate.obj
 0001:00006f60       inflateInit2_              0000000180007f60 f   inflate.obj
 0001:00007060       inflateInit_               0000000180008060 f   inflate.obj
 0001:00007070       inflatePrime               0000000180008070 f   inflate.obj
 0001:00007210       inflate                    0000000180008210 f   inflate.obj
 0001:00008990       inflateEnd                 0000000180009990 f   inflate.obj
 0001:000089e0       inflateGetDictionary       00000001800099e0 f   inflate.obj
 0001:00008a70       inflateSetDictionary       0000000180009a70 f   inflate.obj
 0001:00008b20       inflateGetHeader           0000000180009b20 f   inflate.obj
 0001:00008bd0       inflateSync                0000000180009bd0 f   inflate.obj
 0001:00008cf0       inflateSyncPoint           0000000180009cf0 f   inflate.obj
 0001:00008d30       inflateCopy                0000000180009d30 f   inflate.obj
 0001:00008ee0       inflateUndermine           0000000180009ee0 f   inflate.obj
 0001:00008f10       inflateValidate            0000000180009f10 f   inflate.obj
 0001:00008f50       inflateMark                0000000180009f50 f   inflate.obj
 0001:00008fc0       inflateCodesUsed           0000000180009fc0 f   inflate.obj
 0001:00009000       inflate_table              000000018000a000 f   inftrees.obj
 0001:000094d0       call_zopen64               000000018000a4d0 f   ioapi.obj
 0001:000094f0       call_zseek64               000000018000a4f0 f   ioapi.obj
 0001:00009520       call_ztell64               000000018000a520 f   ioapi.obj
 0001:00009560       fill_zlib_filefunc64_32_def_from_filefunc32 000000018000a560 f   ioapi.obj
 0001:00009790       fill_fopen64_filefunc      000000018000a790 f   ioapi.obj
 0001:000098c0       win32_open64_file_func     000000018000a8c0 f   iowin32.obj
 0001:00009940       win32_open64_file_funcA    000000018000a940 f   iowin32.obj
 0001:000099c0       win32_open64_file_funcW    000000018000a9c0 f   iowin32.obj
 0001:00009a40       win32_open_file_func       000000018000aa40 f   iowin32.obj
 0001:00009ac0       win32_read_file_func       000000018000aac0 f   iowin32.obj
 0001:00009b30       win32_write_file_func      000000018000ab30 f   iowin32.obj
 0001:00009c10       win32_tell_file_func       000000018000ac10 f   iowin32.obj
 0001:00009c70       win32_tell64_file_func     000000018000ac70 f   iowin32.obj
 0001:00009cd0       win32_seek_file_func       000000018000acd0 f   iowin32.obj
 0001:00009d50       win32_seek64_file_func     000000018000ad50 f   iowin32.obj
 0001:00009dd0       win32_close_file_func      000000018000add0 f   iowin32.obj
 0001:00009e20       win32_error_file_func      000000018000ae20 f   iowin32.obj
 0001:00009e30       fill_win32_filefunc        000000018000ae30 f   iowin32.obj
 0001:00009e90       fill_win32_filefunc64      000000018000ae90 f   iowin32.obj
 0001:00009ef0       fill_win32_filefunc64A     000000018000aef0 f   iowin32.obj
 0001:00009f50       fill_win32_filefunc64W     000000018000af50 f   iowin32.obj
 0001:00009fc0       _tr_init                   000000018000afc0 f   trees.obj
 0001:0000b240       _tr_stored_block           000000018000c240 f   trees.obj
 0001:0000b350       _tr_flush_bits             000000018000c350 f   trees.obj
 0001:0000b360       _tr_align                  000000018000c360 f   trees.obj
 0001:0000b450       _tr_flush_block            000000018000c450 f   trees.obj
 0001:0000bc70       uncompress2                000000018000cc70 f   uncompr.obj
 0001:0000bdd0       uncompress                 000000018000cdd0 f   uncompr.obj
 0001:0000c1a0       unzStringFileNameCompare   000000018000d1a0 f   unzip.obj
 0001:0000c9b0       unzOpen2                   000000018000d9b0 f   unzip.obj
 0001:0000ca00       unzOpen2_64                000000018000da00 f   unzip.obj
 0001:0000ca60       unzOpen                    000000018000da60 f   unzip.obj
 0001:0000ca70       unzOpen64                  000000018000da70 f   unzip.obj
 0001:0000ca80       unzClose                   000000018000da80 f   unzip.obj
 0001:0000cad0       unzGetGlobalInfo64         000000018000dad0 f   unzip.obj
 0001:0000caf0       unzGetGlobalInfo           000000018000daf0 f   unzip.obj
 0001:0000d0d0       unzGetCurrentFileInfo64    000000018000e0d0 f   unzip.obj
 0001:0000d120       unzGetCurrentFileInfo      000000018000e120 f   unzip.obj
 0001:0000d220       unzGoToFirstFile           000000018000e220 f   unzip.obj
 0001:0000d2a0       unzGoToNextFile            000000018000e2a0 f   unzip.obj
 0001:0000d360       unzLocateFile              000000018000e360 f   unzip.obj
 0001:0000d550       unzGetFilePos64            000000018000e550 f   unzip.obj
 0001:0000d590       unzGetFilePos              000000018000e590 f   unzip.obj
 0001:0000d5c0       unzGoToFilePos64           000000018000e5c0 f   unzip.obj
 0001:0000d640       unzGoToFilePos             000000018000e640 f   unzip.obj
 0001:0000d8a0       unzOpenCurrentFile3        000000018000e8a0 f   unzip.obj
 0001:0000db30       unzOpenCurrentFile         000000018000eb30 f   unzip.obj
 0001:0000db50       unzOpenCurrentFilePassword 000000018000eb50 f   unzip.obj
 0001:0000db70       unzOpenCurrentFile2        000000018000eb70 f   unzip.obj
 0001:0000db90       unzGetCurrentFileZStreamPos64 000000018000eb90 f   unzip.obj
 0001:0000dbb0       unzReadCurrentFile         000000018000ebb0 f   unzip.obj
 0001:0000de80       unztell                    000000018000ee80 f   unzip.obj
 0001:0000dea0       unztell64                  000000018000eea0 f   unzip.obj
 0001:0000ded0       unzeof                     000000018000eed0 f   unzip.obj
 0001:0000df00       unzGetLocalExtrafield      000000018000ef00 f   unzip.obj
 0001:0000dff0       unzCloseCurrentFile        000000018000eff0 f   unzip.obj
 0001:0000e0b0       unzGetGlobalComment        000000018000f0b0 f   unzip.obj
 0001:0000ecd0       LoadCentralDirectoryRecord 000000018000fcd0 f   zip.obj
 0001:0000f080       zipOpen3                   0000000180010080 f   zip.obj
 0001:0000f220       zipOpen2                   0000000180010220 f   zip.obj
 0001:0000f270       zipOpen2_64                0000000180010270 f   zip.obj
 0001:0000f2d0       zipOpen                    00000001800102d0 f   zip.obj
 0001:0000f2e0       zipOpen64                  00000001800102e0 f   zip.obj
 0001:0000f2f0       Write_LocalFileHeader      00000001800102f0 f   zip.obj
 0001:0000f550       zipOpenNewFileInZip4_64    0000000180010550 f   zip.obj
 0001:0000fae0       zipOpenNewFileInZip3       0000000180010ae0 f   zip.obj
 0001:0000fb90       zipOpenNewFileInZip3_64    0000000180010b90 f   zip.obj
 0001:0000fc50       zipOpenNewFileInZip2       0000000180010c50 f   zip.obj
 0001:0000fce0       zipOpenNewFileInZip2_64    0000000180010ce0 f   zip.obj
 0001:0000fd80       zipOpenNewFileInZip64      0000000180010d80 f   zip.obj
 0001:0000fe10       zipOpenNewFileInZip        0000000180010e10 f   zip.obj
 0001:0000ff80       zipWriteInFileInZip        0000000180010f80 f   zip.obj
 0001:000100f0       zipCloseFileInZipRaw       00000001800110f0 f   zip.obj
 0001:00010100       zipCloseFileInZipRaw64     0000000180011100 f   zip.obj
 0001:00010570       zipCloseFileInZip          0000000180011570 f   zip.obj
 0001:00010580       Write_Zip64EndOfCentralDirectoryLocator 0000000180011580 f   zip.obj
 0001:00010600       Write_Zip64EndOfCentralDirectoryRecord 0000000180011600 f   zip.obj
 0001:00010730       Write_EndOfCentralDirectoryRecord 0000000180011730 f   zip.obj
 0001:00010850       Write_GlobalComment        0000000180011850 f   zip.obj
 0001:000108e0       zipClose                   00000001800118e0 f   zip.obj
 0001:00010a50       zlibVersion                0000000180011a50 f   zutil.obj
 0001:00010a60       zlibCompileFlags           0000000180011a60 f   zutil.obj
 0001:00010a70       zError                     0000000180011a70 f   zutil.obj
 0001:00010a90       zcalloc                    0000000180011a90 f   zutil.obj
 0001:00010aa0       zcfree                     0000000180011aa0 f   zutil.obj
 0001:00010ab0       longest_match              0000000180011ab0 f   gvmat64.obj
 0001:00010d88       match_init                 0000000180011d88 f   gvmat64.obj
 0001:00010d90       inffas8664fnc              0000000180011d90 f   inffasx64.obj
 0001:000110a7       ReadFile                   00000001800120a7 f   kernel32:KERNEL32.dll
 0001:000110ad       WriteFile                  00000001800120ad f   kernel32:KERNEL32.dll
 0001:000110b3       SetFilePointer             00000001800120b3 f   kernel32:KERNEL32.dll
 0001:000110b9       CreateFileW                00000001800120b9 f   kernel32:KERNEL32.dll
 0001:000110bf       GetLastError               00000001800120bf f   kernel32:KERNEL32.dll
 0001:000110c5       CreateFileA                00000001800120c5 f   kernel32:KERNEL32.dll
 0001:000110cb       CloseHandle                00000001800120cb f   kernel32:KERNEL32.dll
 0001:00011420       _CRT_INIT                  0000000180012420 f   MSVCRT:dll_dllmain.obj
 0001:00011428       _DllMainCRTStartup         0000000180012428 f   MSVCRT:dll_dllmain.obj
 0001:000114d4       __security_init_cookie     00000001800124d4 f   MSVCRT:gs_support.obj
 0001:00011580       DllMain                    0000000180012580 f   MSVCRT:dll_dllmain_stub.obj
 0001:000115a4       ?__scrt_initialize_type_info@@YAXXZ 00000001800125a4 f   MSVCRT:tncleanup.obj
 0001:000115b4       ?__scrt_uninitialize_type_info@@YAXXZ 00000001800125b4 f   MSVCRT:tncleanup.obj
 0001:000115c0       __local_stdio_scanf_options 00000001800125c0 f i MSVCRT:default_local_stdio_options.obj
 0001:000115c8       __scrt_initialize_default_local_stdio_options 00000001800125c8 f   MSVCRT:default_local_stdio_options.obj
 0001:000115e4       ??$__crt_fast_decode_pointer@PEAP6AXXZ@@YAPEAP6AXXZQEAP6AXXZ@Z 00000001800125e4 f i MSVCRT:utility.obj
 0001:000115fc       ??$__crt_fast_encode_pointer@PEAP6AXXZ@@YAPEAP6AXXZQEAP6AXXZ@Z 00000001800125fc f i MSVCRT:utility.obj
 0001:0001161c       ?__crt_rotate_pointer_value@@YA_K_KH@Z 000000018001261c f i MSVCRT:utility.obj
 0001:00011628       ?configure_argv@__scrt_narrow_argv_policy@@SAHXZ 0000000180012628 f i MSVCRT:utility.obj
 0001:00011688       ?initialize_environment@__scrt_narrow_environment_policy@@SAHXZ 0000000180012688 f i MSVCRT:utility.obj
 0001:000116c0       NtCurrentTeb               00000001800126c0 f i MSVCRT:utility.obj
 0001:000116cc       __scrt_acquire_startup_lock 00000001800126cc f   MSVCRT:utility.obj
 0001:00011708       __scrt_dllmain_after_initialize_c 0000000180012708 f   MSVCRT:utility.obj
 0001:0001173c       __scrt_dllmain_before_initialize_c 000000018001273c f   MSVCRT:utility.obj
 0001:00011754       __scrt_dllmain_crt_thread_attach 0000000180012754 f   MSVCRT:utility.obj
 0001:0001177c       __scrt_dllmain_crt_thread_detach 000000018001277c f   MSVCRT:utility.obj
 0001:00011794       __scrt_dllmain_exception_filter 0000000180012794 f   MSVCRT:utility.obj
 0001:000117f4       __scrt_dllmain_uninitialize_c 00000001800127f4 f   MSVCRT:utility.obj
 0001:00011824       __scrt_dllmain_uninitialize_critical 0000000180012824 f   MSVCRT:utility.obj
 0001:00011838       __scrt_initialize_crt      0000000180012838 f   MSVCRT:utility.obj
 0001:00011884       __scrt_initialize_onexit_tables 0000000180012884 f   MSVCRT:utility.obj
 0001:0001195c       __scrt_is_nonwritable_in_current_image 000000018001295c f   MSVCRT:utility.obj
 0001:000119f8       __scrt_release_startup_lock 00000001800129f8 f   MSVCRT:utility.obj
 0001:00011a1c       __scrt_uninitialize_crt    0000000180012a1c f   MSVCRT:utility.obj
 0001:00011a48       _onexit                    0000000180012a48 f   MSVCRT:utility.obj
 0001:00011a98       at_quick_exit              0000000180012a98 f   MSVCRT:utility.obj
 0001:00011ad0       atexit                     0000000180012ad0 f   MSVCRT:utility.obj
 0001:00011ae8       __scrt_get_dyn_tls_init_callback 0000000180012ae8 f   MSVCRT:dyn_tls_init.obj
 0001:00011af0       __crt_debugger_hook        0000000180012af0 f   MSVCRT:utility_desktop.obj
 0001:00011af8       __scrt_fastfail            0000000180012af8 f   MSVCRT:utility_desktop.obj
 0001:00011c44       __scrt_get_show_window_mode 0000000180012c44 f   MSVCRT:utility_desktop.obj
 0001:00011c80       __scrt_initialize_mta      0000000180012c80 f   MSVCRT:utility_desktop.obj
 0001:00011c88       __scrt_initialize_winrt    0000000180012c88 f   MSVCRT:utility_desktop.obj
 0001:00011c8c       __scrt_is_managed_app      0000000180012c8c f   MSVCRT:utility_desktop.obj
 0001:00011ce0       __scrt_set_unhandled_exception_filter 0000000180012ce0 f   MSVCRT:utility_desktop.obj
 0001:00011cf0       __scrt_stub_for_initialize_mta 0000000180012cf0 f   MSVCRT:utility_desktop.obj
 0001:00011cf0       __scrt_exe_initialize_mta  0000000180012cf0 f   MSVCRT:utility_desktop.obj
 0001:00011cf4       __scrt_unhandled_exception_filter 0000000180012cf4 f   MSVCRT:utility_desktop.obj
 0001:00011d2c       _RTC_Initialize            0000000180012d2c f   MSVCRT:initsect.obj
 0001:00011d68       _RTC_Terminate             0000000180012d68 f   MSVCRT:initsect.obj
 0001:00011da4       _guard_check_icall_nop     0000000180012da4 f i MSVCRT:guard_support.obj
 0001:00011da8       ReadNoFence64              0000000180012da8 f i MSVCRT:guard_support.obj
 0001:00011dac       ReadPointerNoFence         0000000180012dac f i MSVCRT:guard_support.obj
 0001:00011db0       _guard_icall_checks_enforced 0000000180012db0 f i MSVCRT:guard_support.obj
 0001:00011dc8       _guard_rf_checks_enforced  0000000180012dc8 f i MSVCRT:guard_support.obj
 0001:00011dcc       __isa_available_init       0000000180012dcc f   MSVCRT:cpu_disp.obj
 0001:00011f48       _get_startup_argv_mode     0000000180012f48 f   MSVCRT:argv_mode.obj
 0001:00011f50       __scrt_is_ucrt_dll_in_use  0000000180012f50 f   MSVCRT:ucrt_detection.obj
 0001:00011f60       __C_specific_handler       0000000180012f60 f   vcruntime:VCRUNTIME140.dll
 0001:00011f66       __std_type_info_destroy_list 0000000180012f66 f   vcruntime:VCRUNTIME140.dll
 0001:00011f6c       memset                     0000000180012f6c f   vcruntime:VCRUNTIME140.dll
 0001:00011f72       _lseeki64                  0000000180012f72 f   ucrt:api-ms-win-crt-stdio-l1-1-0.dll
 0001:00011f78       _wopen                     0000000180012f78 f   ucrt:api-ms-win-crt-stdio-l1-1-0.dll
 0001:00011f7e       _open                      0000000180012f7e f   ucrt:api-ms-win-crt-stdio-l1-1-0.dll
 0001:00011f84       wcstombs                   0000000180012f84 f   ucrt:api-ms-win-crt-convert-l1-1-0.dll
 0001:00011f8a       __stdio_common_vsprintf    0000000180012f8a f   ucrt:api-ms-win-crt-stdio-l1-1-0.dll
 0001:00011f90       free                       0000000180012f90 f   ucrt:api-ms-win-crt-heap-l1-1-0.dll
 0001:00011f96       malloc                     0000000180012f96 f   ucrt:api-ms-win-crt-heap-l1-1-0.dll
 0001:00011f9c       _read                      0000000180012f9c f   ucrt:api-ms-win-crt-stdio-l1-1-0.dll
 0001:00011fa2       _close                     0000000180012fa2 f   ucrt:api-ms-win-crt-stdio-l1-1-0.dll
 0001:00011fa8       _errno                     0000000180012fa8 f   ucrt:api-ms-win-crt-runtime-l1-1-0.dll
 0001:00011fae       strerror                   0000000180012fae f   ucrt:api-ms-win-crt-runtime-l1-1-0.dll
 0001:00011fb4       _write                     0000000180012fb4 f   ucrt:api-ms-win-crt-stdio-l1-1-0.dll
 0001:00011fba       ftell                      0000000180012fba f   ucrt:api-ms-win-crt-stdio-l1-1-0.dll
 0001:00011fc0       ferror                     0000000180012fc0 f   ucrt:api-ms-win-crt-stdio-l1-1-0.dll
 0001:00011fc6       fopen                      0000000180012fc6 f   ucrt:api-ms-win-crt-stdio-l1-1-0.dll
 0001:00011fcc       fclose                     0000000180012fcc f   ucrt:api-ms-win-crt-stdio-l1-1-0.dll
 0001:00011fd2       fseek                      0000000180012fd2 f   ucrt:api-ms-win-crt-stdio-l1-1-0.dll
 0001:00011fd8       fwrite                     0000000180012fd8 f   ucrt:api-ms-win-crt-stdio-l1-1-0.dll
 0001:00011fde       _ftelli64                  0000000180012fde f   ucrt:api-ms-win-crt-stdio-l1-1-0.dll
 0001:00011fe4       fread                      0000000180012fe4 f   ucrt:api-ms-win-crt-stdio-l1-1-0.dll
 0001:00011fea       _fseeki64                  0000000180012fea f   ucrt:api-ms-win-crt-stdio-l1-1-0.dll
 0001:00011ff0       srand                      0000000180012ff0 f   ucrt:api-ms-win-crt-utility-l1-1-0.dll
 0001:00011ff6       rand                       0000000180012ff6 f   ucrt:api-ms-win-crt-utility-l1-1-0.dll
 0001:00011ffc       _time64                    0000000180012ffc f   ucrt:api-ms-win-crt-time-l1-1-0.dll
 0001:00012002       _initterm                  0000000180013002 f   ucrt:api-ms-win-crt-runtime-l1-1-0.dll
 0001:00012008       _initterm_e                0000000180013008 f   ucrt:api-ms-win-crt-runtime-l1-1-0.dll
 0001:0001200e       _seh_filter_dll            000000018001300e f   ucrt:api-ms-win-crt-runtime-l1-1-0.dll
 0001:00012014       _configure_narrow_argv     0000000180013014 f   ucrt:api-ms-win-crt-runtime-l1-1-0.dll
 0001:0001201a       _initialize_narrow_environment 000000018001301a f   ucrt:api-ms-win-crt-runtime-l1-1-0.dll
 0001:00012020       _initialize_onexit_table   0000000180013020 f   ucrt:api-ms-win-crt-runtime-l1-1-0.dll
 0001:00012026       _register_onexit_function  0000000180013026 f   ucrt:api-ms-win-crt-runtime-l1-1-0.dll
 0001:0001202c       _execute_onexit_table      000000018001302c f   ucrt:api-ms-win-crt-runtime-l1-1-0.dll
 0001:00012032       _crt_atexit                0000000180013032 f   ucrt:api-ms-win-crt-runtime-l1-1-0.dll
 0001:00012038       _crt_at_quick_exit         0000000180013038 f   ucrt:api-ms-win-crt-runtime-l1-1-0.dll
 0001:0001203e       _cexit                     000000018001303e f   ucrt:api-ms-win-crt-runtime-l1-1-0.dll
 0001:00012044       terminate                  0000000180013044 f   ucrt:api-ms-win-crt-runtime-l1-1-0.dll
 0001:0001204a       QueryPerformanceCounter    000000018001304a f   kernel32:KERNEL32.dll
 0001:00012050       GetCurrentProcessId        0000000180013050 f   kernel32:KERNEL32.dll
 0001:00012056       GetCurrentThreadId         0000000180013056 f   kernel32:KERNEL32.dll
 0001:0001205c       GetSystemTimeAsFileTime    000000018001305c f   kernel32:KERNEL32.dll
 0001:00012062       DisableThreadLibraryCalls  0000000180013062 f   kernel32:KERNEL32.dll
 0001:00012068       InitializeSListHead        0000000180013068 f   kernel32:KERNEL32.dll
 0001:0001206e       RtlCaptureContext          000000018001306e f   kernel32:KERNEL32.dll
 0001:00012074       RtlLookupFunctionEntry     0000000180013074 f   kernel32:KERNEL32.dll
 0001:0001207a       RtlVirtualUnwind           000000018001307a f   kernel32:KERNEL32.dll
 0001:00012080       IsDebuggerPresent          0000000180013080 f   kernel32:KERNEL32.dll
 0001:00012086       UnhandledExceptionFilter   0000000180013086 f   kernel32:KERNEL32.dll
 0001:0001208c       SetUnhandledExceptionFilter 000000018001308c f   kernel32:KERNEL32.dll
 0001:00012092       GetStartupInfoW            0000000180013092 f   kernel32:KERNEL32.dll
 0001:00012098       IsProcessorFeaturePresent  0000000180013098 f   kernel32:KERNEL32.dll
 0001:0001209e       GetModuleHandleW           000000018001309e f   kernel32:KERNEL32.dll
 0001:000120a4       __vcrt_initialize          00000001800130a4 f   MSVCRT:ucrt_stubs.obj
 0001:000120a4       __scrt_stub_for_acrt_initialize 00000001800130a4 f   MSVCRT:ucrt_stubs.obj
 0001:000120a4       __acrt_initialize          00000001800130a4 f   MSVCRT:ucrt_stubs.obj
 0001:000120a8       __acrt_thread_attach       00000001800130a8 f   MSVCRT:ucrt_stubs.obj
 0001:000120a8       __scrt_stub_for_acrt_thread_attach 00000001800130a8 f   MSVCRT:ucrt_stubs.obj
 0001:000120a8       __vcrt_thread_attach       00000001800130a8 f   MSVCRT:ucrt_stubs.obj
 0001:000120ac       __vcrt_thread_detach       00000001800130ac f   MSVCRT:ucrt_stubs.obj
 0001:000120ac       __acrt_thread_detach       00000001800130ac f   MSVCRT:ucrt_stubs.obj
 0001:000120ac       __scrt_stub_for_acrt_thread_detach 00000001800130ac f   MSVCRT:ucrt_stubs.obj
 0001:000120b0       __scrt_stub_for_acrt_uninitialize 00000001800130b0 f   MSVCRT:ucrt_stubs.obj
 0001:000120b0       __acrt_uninitialize        00000001800130b0 f   MSVCRT:ucrt_stubs.obj
 0001:000120b0       __vcrt_uninitialize        00000001800130b0 f   MSVCRT:ucrt_stubs.obj
 0001:000120b4       __acrt_uninitialize_critical 00000001800130b4 f   MSVCRT:ucrt_stubs.obj
 0001:000120b4       __vcrt_uninitialize_critical 00000001800130b4 f   MSVCRT:ucrt_stubs.obj
 0001:000120b4       __scrt_stub_for_acrt_uninitialize_critical 00000001800130b4 f   MSVCRT:ucrt_stubs.obj
 0001:000120b8       __scrt_stub_for_is_c_termination_complete 00000001800130b8 f   MSVCRT:ucrt_stubs.obj
 0001:000120b8       _is_c_termination_complete 00000001800130b8 f   MSVCRT:ucrt_stubs.obj
 0001:000120d0       __chkstk                   00000001800130d0 f   MSVCRT:chkstk.obj
 0001:000120d0       _alloca_probe              00000001800130d0 f   MSVCRT:chkstk.obj
 0001:00012121       memchr                     0000000180013121 f   vcruntime:VCRUNTIME140.dll
 0001:00012127       memcpy                     0000000180013127 f   vcruntime:VCRUNTIME140.dll
 0001:00012140       _guard_dispatch_icall_nop  0000000180013140 f   MSVCRT:guard_dispatch.obj
 0002:00000000       __imp_ReadFile             0000000180014000     kernel32:KERNEL32.dll
 0002:00000008       __imp_WriteFile            0000000180014008     kernel32:KERNEL32.dll
 0002:00000010       __imp_SetFilePointer       0000000180014010     kernel32:KERNEL32.dll
 0002:00000018       __imp_CreateFileW          0000000180014018     kernel32:KERNEL32.dll
 0002:00000020       __imp_GetLastError         0000000180014020     kernel32:KERNEL32.dll
 0002:00000028       __imp_CreateFileA          0000000180014028     kernel32:KERNEL32.dll
 0002:00000030       __imp_CloseHandle          0000000180014030     kernel32:KERNEL32.dll
 0002:00000038       __imp_GetCurrentProcessId  0000000180014038     kernel32:KERNEL32.dll
 0002:00000040       __imp_GetCurrentThreadId   0000000180014040     kernel32:KERNEL32.dll
 0002:00000048       __imp_GetSystemTimeAsFileTime 0000000180014048     kernel32:KERNEL32.dll
 0002:00000050       __imp_DisableThreadLibraryCalls 0000000180014050     kernel32:KERNEL32.dll
 0002:00000058       __imp_InitializeSListHead  0000000180014058     kernel32:KERNEL32.dll
 0002:00000060       __imp_GetModuleHandleW     0000000180014060     kernel32:KERNEL32.dll
 0002:00000068       __imp_IsProcessorFeaturePresent 0000000180014068     kernel32:KERNEL32.dll
 0002:00000070       __imp_GetStartupInfoW      0000000180014070     kernel32:KERNEL32.dll
 0002:00000078       __imp_SetUnhandledExceptionFilter 0000000180014078     kernel32:KERNEL32.dll
 0002:00000080       __imp_UnhandledExceptionFilter 0000000180014080     kernel32:KERNEL32.dll
 0002:00000088       __imp_IsDebuggerPresent    0000000180014088     kernel32:KERNEL32.dll
 0002:00000090       __imp_RtlVirtualUnwind     0000000180014090     kernel32:KERNEL32.dll
 0002:00000098       __imp_RtlLookupFunctionEntry 0000000180014098     kernel32:KERNEL32.dll
 0002:000000a0       __imp_RtlCaptureContext    00000001800140a0     kernel32:KERNEL32.dll
 0002:000000a8       __imp_QueryPerformanceCounter 00000001800140a8     kernel32:KERNEL32.dll
 0002:000000b0       \177KERNEL32_NULL_THUNK_DATA 00000001800140b0     kernel32:KERNEL32.dll
 0002:000000b8       __imp___C_specific_handler 00000001800140b8     vcruntime:VCRUNTIME140.dll
 0002:000000c0       __imp___std_type_info_destroy_list 00000001800140c0     vcruntime:VCRUNTIME140.dll
 0002:000000c8       __imp_memset               00000001800140c8     vcruntime:VCRUNTIME140.dll
 0002:000000d0       __imp_memchr               00000001800140d0     vcruntime:VCRUNTIME140.dll
 0002:000000d8       __imp_memcpy               00000001800140d8     vcruntime:VCRUNTIME140.dll
 0002:000000e0       \177VCRUNTIME140_NULL_THUNK_DATA 00000001800140e0     vcruntime:VCRUNTIME140.dll
 0002:000000e8       __imp_wcstombs             00000001800140e8     ucrt:api-ms-win-crt-convert-l1-1-0.dll
 0002:000000f0       \177api-ms-win-crt-convert-l1-1-0_NULL_THUNK_DATA 00000001800140f0     ucrt:api-ms-win-crt-convert-l1-1-0.dll
 0002:000000f8       __imp_free                 00000001800140f8     ucrt:api-ms-win-crt-heap-l1-1-0.dll
 0002:00000100       __imp_malloc               0000000180014100     ucrt:api-ms-win-crt-heap-l1-1-0.dll
 0002:00000108       \177api-ms-win-crt-heap-l1-1-0_NULL_THUNK_DATA 0000000180014108     ucrt:api-ms-win-crt-heap-l1-1-0.dll
 0002:00000110       __imp_strerror             0000000180014110     ucrt:api-ms-win-crt-runtime-l1-1-0.dll
 0002:00000118       __imp__cexit               0000000180014118     ucrt:api-ms-win-crt-runtime-l1-1-0.dll
 0002:00000120       __imp__initterm            0000000180014120     ucrt:api-ms-win-crt-runtime-l1-1-0.dll
 0002:00000128       __imp__initterm_e          0000000180014128     ucrt:api-ms-win-crt-runtime-l1-1-0.dll
 0002:00000130       __imp__seh_filter_dll      0000000180014130     ucrt:api-ms-win-crt-runtime-l1-1-0.dll
 0002:00000138       __imp__configure_narrow_argv 0000000180014138     ucrt:api-ms-win-crt-runtime-l1-1-0.dll
 0002:00000140       __imp__initialize_narrow_environment 0000000180014140     ucrt:api-ms-win-crt-runtime-l1-1-0.dll
 0002:00000148       __imp__initialize_onexit_table 0000000180014148     ucrt:api-ms-win-crt-runtime-l1-1-0.dll
 0002:00000150       __imp__register_onexit_function 0000000180014150     ucrt:api-ms-win-crt-runtime-l1-1-0.dll
 0002:00000158       __imp__execute_onexit_table 0000000180014158     ucrt:api-ms-win-crt-runtime-l1-1-0.dll
 0002:00000160       __imp__crt_atexit          0000000180014160     ucrt:api-ms-win-crt-runtime-l1-1-0.dll
 0002:00000168       __imp__crt_at_quick_exit   0000000180014168     ucrt:api-ms-win-crt-runtime-l1-1-0.dll
 0002:00000170       __imp__errno               0000000180014170     ucrt:api-ms-win-crt-runtime-l1-1-0.dll
 0002:00000178       __imp_terminate            0000000180014178     ucrt:api-ms-win-crt-runtime-l1-1-0.dll
 0002:00000180       \177api-ms-win-crt-runtime-l1-1-0_NULL_THUNK_DATA 0000000180014180     ucrt:api-ms-win-crt-runtime-l1-1-0.dll
 0002:00000188       __imp_fclose               0000000180014188     ucrt:api-ms-win-crt-stdio-l1-1-0.dll
 0002:00000190       __imp_fseek                0000000180014190     ucrt:api-ms-win-crt-stdio-l1-1-0.dll
 0002:00000198       __imp__wopen               0000000180014198     ucrt:api-ms-win-crt-stdio-l1-1-0.dll
 0002:000001a0       __imp__open                00000001800141a0     ucrt:api-ms-win-crt-stdio-l1-1-0.dll
 0002:000001a8       __imp__ftelli64            00000001800141a8     ucrt:api-ms-win-crt-stdio-l1-1-0.dll
 0002:000001b0       __imp_fopen                00000001800141b0     ucrt:api-ms-win-crt-stdio-l1-1-0.dll
 0002:000001b8       __imp_ferror               00000001800141b8     ucrt:api-ms-win-crt-stdio-l1-1-0.dll
 0002:000001c0       __imp_ftell                00000001800141c0     ucrt:api-ms-win-crt-stdio-l1-1-0.dll
 0002:000001c8       __imp__write               00000001800141c8     ucrt:api-ms-win-crt-stdio-l1-1-0.dll
 0002:000001d0       __imp__lseeki64            00000001800141d0     ucrt:api-ms-win-crt-stdio-l1-1-0.dll
 0002:000001d8       __imp_fread                00000001800141d8     ucrt:api-ms-win-crt-stdio-l1-1-0.dll
 0002:000001e0       __imp__close               00000001800141e0     ucrt:api-ms-win-crt-stdio-l1-1-0.dll
 0002:000001e8       __imp__read                00000001800141e8     ucrt:api-ms-win-crt-stdio-l1-1-0.dll
 0002:000001f0       __imp_fwrite               00000001800141f0     ucrt:api-ms-win-crt-stdio-l1-1-0.dll
 0002:000001f8       __imp__fseeki64            00000001800141f8     ucrt:api-ms-win-crt-stdio-l1-1-0.dll
 0002:00000200       __imp___stdio_common_vsprintf 0000000180014200     ucrt:api-ms-win-crt-stdio-l1-1-0.dll
 0002:00000208       \177api-ms-win-crt-stdio-l1-1-0_NULL_THUNK_DATA 0000000180014208     ucrt:api-ms-win-crt-stdio-l1-1-0.dll
 0002:00000210       __imp__time64              0000000180014210     ucrt:api-ms-win-crt-time-l1-1-0.dll
 0002:00000218       \177api-ms-win-crt-time-l1-1-0_NULL_THUNK_DATA 0000000180014218     ucrt:api-ms-win-crt-time-l1-1-0.dll
 0002:00000220       __imp_srand                0000000180014220     ucrt:api-ms-win-crt-utility-l1-1-0.dll
 0002:00000228       __imp_rand                 0000000180014228     ucrt:api-ms-win-crt-utility-l1-1-0.dll
 0002:00000230       \177api-ms-win-crt-utility-l1-1-0_NULL_THUNK_DATA 0000000180014230     ucrt:api-ms-win-crt-utility-l1-1-0.dll
 0002:00000238       __guard_check_icall_fptr   0000000180014238     MSVCRT:guard_support.obj
 0002:00000240       __guard_dispatch_icall_fptr 0000000180014240     MSVCRT:guard_support.obj
 0002:00000248       __xc_a                     0000000180014248     MSVCRT:initializers.obj
 0002:00000250       __xc_z                     0000000180014250     MSVCRT:initializers.obj
 0002:00000258       __xi_a                     0000000180014258     MSVCRT:initializers.obj
 0002:00000260       __xi_z                     0000000180014260     MSVCRT:initializers.obj
 0002:00000268       __xp_a                     0000000180014268     MSVCRT:initializers.obj
 0002:00000270       __xp_z                     0000000180014270     MSVCRT:initializers.obj
 0002:00000278       __xt_a                     0000000180014278     MSVCRT:initializers.obj
 0002:00000280       __xt_z                     0000000180014280     MSVCRT:initializers.obj
 0002:00000290       _pRawDllMain               0000000180014290     MSVCRT:dll_dllmain.obj
 0002:00000290       _pDefaultRawDllMain        0000000180014290     MSVCRT:dll_dllmain.obj
 0002:00000298       ??_C@_06CJNJFBNP@1?42?411@ 0000000180014298     compress.obj
 0002:000035b0       _length_code               00000001800175b0     trees.obj
 0002:000036b0       _dist_code                 00000001800176b0     trees.obj
 0002:00004080       unz_copyright              0000000180018080     unzip.obj
 0002:000040e0       z_errmsg                   00000001800180e0     zutil.obj
 0002:00004130       ??_C@_02DKCKIIND@?$CFs@    0000000180018130     gzlib.obj
 0002:00004138       ??_C@_07EBNKNFJN@?$DMfd?3?$CFd?$DO@ 0000000180018138     gzlib.obj
 0002:00004140       ??_C@_0O@BNNCBLEN@out?5of?5memory@ 0000000180018140     gzlib.obj
 0002:0000414e       ??_C@_00CNPNBAHC@@         000000018001814e     gzlib.obj
 0002:00004150       ??_C@_02LMMGGCAJ@?3?5@     0000000180018150     gzlib.obj
 0002:00004154       ??_C@_06DIJPEION@?$CFs?$CFs?$CFs@ 0000000180018154     gzlib.obj
 0002:00004160       ??_C@_0BH@CFIIDOJD@unexpected?5end?5of?5file@ 0000000180018160     gzread.obj
 0002:00004178       ??_C@_0CH@CPOLIEKA@internal?5error?3?5inflate?5stream?5@ 0000000180018178     gzread.obj
 0002:000041a0       ??_C@_0BG@HCKBMIHF@compressed?5data?5error@ 00000001800181a0     gzread.obj
 0002:000041b8       ??_C@_0BP@HLDABFKK@request?5does?5not?5fit?5in?5an?5int@ 00000001800181b8     gzread.obj
 0002:000041d8       ??_C@_0CB@EGGJDMIK@request?5does?5not?5fit?5in?5a?5size_@ 00000001800181d8     gzread.obj
 0002:00004200       ??_C@_0BP@IIKIGMCC@out?5of?5room?5to?5push?5characters@ 0000000180018200     gzread.obj
 0002:00004220       ??_C@_0CH@DEEGAHIB@internal?5error?3?5deflate?5stream?5@ 0000000180018220     gzwrite.obj
 0002:00004248       ??_C@_0CF@MLPJFDMM@requested?5length?5does?5not?5fit?5i@ 0000000180018248     gzwrite.obj
 0002:00004270       ??_C@_0BD@PJCBIDD@invalid?5block?5type@ 0000000180018270     infback.obj
 0002:00004288       ??_C@_0BN@LGAADGOK@invalid?5stored?5block?5lengths@ 0000000180018288     infback.obj
 0002:000042a8       ??_C@_0CE@GMIGFPBB@too?5many?5length?5or?5distance?5sym@ 00000001800182a8     infback.obj
 0002:000042d0       ??_C@_0BJ@HDEPPGOH@invalid?5code?5lengths?5set@ 00000001800182d0     infback.obj
 0002:000042f0       ??_C@_0BK@BMMPFBBH@invalid?5bit?5length?5repeat@ 00000001800182f0     infback.obj
 0002:00004310       ??_C@_0CF@DGDMADCD@invalid?5code?5?9?9?5missing?5end?9of?9@ 0000000180018310     infback.obj
 0002:00004338       ??_C@_0BM@IIMGAINC@invalid?5literal?1lengths?5set@ 0000000180018338     infback.obj
 0002:00004358       ??_C@_0BG@GMDFCBGP@invalid?5distances?5set@ 0000000180018358     infback.obj
 0002:00004370       ??_C@_0BM@FFFLPBBC@invalid?5literal?1length?5code@ 0000000180018370     infback.obj
 0002:00004390       ??_C@_0BG@LBKINIKP@invalid?5distance?5code@ 0000000180018390     infback.obj
 0002:000043a8       ??_C@_0BO@ECPMAOGG@invalid?5distance?5too?5far?5back@ 00000001800183a8     infback.obj
 0002:000043c8       ??_C@_0BH@LIBMMIGA@incorrect?5header?5check@ 00000001800183c8     inflate.obj
 0002:000043e0       ??_C@_0BL@IHKGDAEE@unknown?5compression?5method@ 00000001800183e0     inflate.obj
 0002:00004400       ??_C@_0BE@EMOGCLGO@invalid?5window?5size@ 0000000180018400     inflate.obj
 0002:00004418       ??_C@_0BJ@BLBBCOMO@unknown?5header?5flags?5set@ 0000000180018418     inflate.obj
 0002:00004438       ??_C@_0BE@GONKLEPM@header?5crc?5mismatch@ 0000000180018438     inflate.obj
 0002:00004450       ??_C@_0BF@MEIGEHBE@incorrect?5data?5check@ 0000000180018450     inflate.obj
 0002:00004468       ??_C@_0BH@FGKKJGOC@incorrect?5length?5check@ 0000000180018468     inflate.obj
 0002:00004480       ??_C@_02JDPG@rb@           0000000180018480     ioapi.obj
 0002:00004484       ??_C@_03HMFOOINA@r?$CLb@   0000000180018484     ioapi.obj
 0002:00004488       ??_C@_02GMLFBBN@wb@        0000000180018488     ioapi.obj
 0002:0000448c       ??_C@_01JOAMLHOP@?9@       000000018001848c     zip.obj
 0002:00004490       ??_C@_0BA@MOKMMFOD@need?5dictionary@ 0000000180018490     zutil.obj
 0002:000044a0       ??_C@_0L@FNAOCBOG@stream?5end@ 00000001800184a0     zutil.obj
 0002:000044b0       ??_C@_0L@KIJFAKBJ@file?5error@ 00000001800184b0     zutil.obj
 0002:000044c0       ??_C@_0N@MKKNPMJD@stream?5error@ 00000001800184c0     zutil.obj
 0002:000044d0       ??_C@_0L@HAHMBNLP@data?5error@ 00000001800184d0     zutil.obj
 0002:000044e0       ??_C@_0BE@OGGJBMCE@insufficient?5memory@ 00000001800184e0     zutil.obj
 0002:000044f8       ??_C@_0N@DFPGLBGC@buffer?5error@ 00000001800184f8     zutil.obj
 0002:00004508       ??_C@_0BF@CJFPCCEG@incompatible?5version@ 0000000180018508     zutil.obj
 0002:00004590       _load_config_used          0000000180018590     MSVCRT:loadcfg.obj
 0002:00004980       __rtc_iaa                  0000000180018980     MSVCRT:initsect.obj
 0002:00004988       __rtc_izz                  0000000180018988     MSVCRT:initsect.obj
 0002:00004990       __rtc_taa                  0000000180018990     MSVCRT:initsect.obj
 0002:00004998       __rtc_tzz                  0000000180018998     MSVCRT:initsect.obj
 0002:00006dcc       __IMPORT_DESCRIPTOR_KERNEL32 000000018001adcc     kernel32:KERNEL32.dll
 0002:00006de0       __IMPORT_DESCRIPTOR_VCRUNTIME140 000000018001ade0     vcruntime:VCRUNTIME140.dll
 0002:00006df4       __IMPORT_DESCRIPTOR_api-ms-win-crt-stdio-l1-1-0 000000018001adf4     ucrt:api-ms-win-crt-stdio-l1-1-0.dll
 0002:00006e08       __IMPORT_DESCRIPTOR_api-ms-win-crt-convert-l1-1-0 000000018001ae08     ucrt:api-ms-win-crt-convert-l1-1-0.dll
 0002:00006e1c       __IMPORT_DESCRIPTOR_api-ms-win-crt-heap-l1-1-0 000000018001ae1c     ucrt:api-ms-win-crt-heap-l1-1-0.dll
 0002:00006e30       __IMPORT_DESCRIPTOR_api-ms-win-crt-runtime-l1-1-0 000000018001ae30     ucrt:api-ms-win-crt-runtime-l1-1-0.dll
 0002:00006e44       __IMPORT_DESCRIPTOR_api-ms-win-crt-utility-l1-1-0 000000018001ae44     ucrt:api-ms-win-crt-utility-l1-1-0.dll
 0002:00006e58       __IMPORT_DESCRIPTOR_api-ms-win-crt-time-l1-1-0 000000018001ae58     ucrt:api-ms-win-crt-time-l1-1-0.dll
 0002:00006e6c       __NULL_IMPORT_DESCRIPTOR   000000018001ae6c     kernel32:KERNEL32.dll
 0003:00000000       __scrt_native_dllmain_reason 000000018001c000     MSVCRT:utility.obj
 0003:00000008       __security_cookie_complement 000000018001c008     MSVCRT:gs_cookie.obj
 0003:00000010       __security_cookie          000000018001c010     MSVCRT:gs_cookie.obj
 0003:00000018       __isa_available            000000018001c018     MSVCRT:cpu_disp.obj
 0003:0000001c       __isa_enabled              000000018001c01c     MSVCRT:cpu_disp.obj
 0003:00000020       __memcpy_nt_iters          000000018001c020     MSVCRT:cpu_disp.obj
 0003:00000030       __scrt_ucrt_dll_is_in_use  000000018001c030     MSVCRT:ucrt_stubs.obj
 0003:00000050       ?__type_info_root_node@@3U__type_info_node@@A 000000018001c050     MSVCRT:tncleanup.obj
 0003:00000060       ?_OptionsStorage@?1??__local_stdio_printf_options@@9@4_KA 000000018001c060     MSVCRT:default_local_stdio_options.obj
 0003:00000068       ?_OptionsStorage@?1??__local_stdio_scanf_options@@9@4_KA 000000018001c068     MSVCRT:default_local_stdio_options.obj
 0003:00000070       __scrt_current_native_startup_state 000000018001c070     MSVCRT:utility.obj
 0003:00000078       __scrt_native_startup_lock 000000018001c078     MSVCRT:utility.obj
 0003:000000b8       __scrt_debugger_hook_flag  000000018001c0b8     MSVCRT:utility_desktop.obj
 0003:000000bc       __favor                    000000018001c0bc     MSVCRT:cpu_disp.obj
 0003:000000c8       __dyn_tls_init_callback    000000018001c0c8     <common>
 0003:000000d0       ?_OptionsStorage@?1??__local_stdio_printf_options@@9@9 000000018001c0d0     <common>
 0003:000000d8       ?_OptionsStorage@?1??__local_stdio_scanf_options@@9@9 000000018001c0d8     <common>

 entry point at        0001:00011428

 Static symbols

 0000:fffdf000       .debug$S                   0000000180000000     kernel32:KERNEL32.dll
 0000:fffdf000       .debug$S                   0000000180000000     vcruntime:VCRUNTIME140.dll
 0000:fffdf000       .debug$S                   0000000180000000     vcruntime:VCRUNTIME140.dll
 0000:fffdf000       .debug$S                   0000000180000000     zlibwapi.exp
 0000:fffdf000       .debug$S                   0000000180000000     kernel32:KERNEL32.dll
 0000:fffdf000       .debug$S                   0000000180000000     kernel32:KERNEL32.dll
 0000:fffdf000       .debug$S                   0000000180000000     kernel32:KERNEL32.dll
 0000:fffdf000       .debug$S                   0000000180000000     kernel32:KERNEL32.dll
 0000:fffdf000       .debug$S                   0000000180000000     kernel32:KERNEL32.dll
 0000:fffdf000       .debug$S                   0000000180000000     kernel32:KERNEL32.dll
 0000:fffdf000       .debug$S                   0000000180000000     kernel32:KERNEL32.dll
 0000:fffdf000       .debug$S                   0000000180000000     kernel32:KERNEL32.dll
 0000:fffdf000       .debug$S                   0000000180000000     kernel32:KERNEL32.dll
 0000:fffdf000       .debug$S                   0000000180000000     kernel32:KERNEL32.dll
 0000:fffdf000       .debug$S                   0000000180000000     kernel32:KERNEL32.dll
 0000:fffdf000       .debug$S                   0000000180000000     kernel32:KERNEL32.dll
 0000:fffdf000       .debug$S                   0000000180000000     kernel32:KERNEL32.dll
 0000:fffdf000       .debug$S                   0000000180000000     kernel32:KERNEL32.dll
 0000:fffdf000       .debug$S                   0000000180000000     kernel32:KERNEL32.dll
 0000:fffdf000       .debug$S                   0000000180000000     kernel32:KERNEL32.dll
 0002:fffec000       __guard_fids_?dllmain_dispatch@@YAHQEAUHINSTANCE__@@KQEAX@Z 0000000180000000     MSVCRT:dll_dllmain.obj
 0000:fffdf000       .debug$S                   0000000180000000     kernel32:KERNEL32.dll
 0000:fffdf000       .debug$S                   0000000180000000     kernel32:KERNEL32.dll
 0000:fffdf000       .debug$S                   0000000180000000     kernel32:KERNEL32.dll
 0000:fffdf000       .debug$S                   0000000180000000     kernel32:KERNEL32.dll
 0002:fffec000       __guard_fids___scrt_set_unhandled_exception_filter 0000000180000000     MSVCRT:utility_desktop.obj
 0002:fffec000       __guard_fids__             0000000180000000     MSVCRT:guard_support.obj
 0002:fffec000       __guard_fids__guard_icall_checks_enforced 0000000180000000     MSVCRT:guard_support.obj
 0000:fffdf000       .debug$S                   0000000180000000     kernel32:KERNEL32.dll
 0000:fffdf000       .debug$S                   0000000180000000     vcruntime:VCRUNTIME140.dll
 0000:fffdf000       .debug$S                   0000000180000000     vcruntime:VCRUNTIME140.dll
 0000:fffdf000       .debug$S                   0000000180000000     vcruntime:VCRUNTIME140.dll
 0000:fffdf000       .debug$S                   0000000180000000     ucrt:api-ms-win-crt-stdio-l1-1-0.dll
 0000:fffdf000       .debug$S                   0000000180000000     ucrt:api-ms-win-crt-stdio-l1-1-0.dll
 0000:fffdf000       .debug$S                   0000000180000000     ucrt:api-ms-win-crt-stdio-l1-1-0.dll
 0000:fffdf000       .debug$S                   0000000180000000     ucrt:api-ms-win-crt-convert-l1-1-0.dll
 0000:fffdf000       .debug$S                   0000000180000000     ucrt:api-ms-win-crt-stdio-l1-1-0.dll
 0000:fffdf000       .debug$S                   0000000180000000     ucrt:api-ms-win-crt-heap-l1-1-0.dll
 0000:fffdf000       .debug$S                   0000000180000000     ucrt:api-ms-win-crt-heap-l1-1-0.dll
 0000:fffdf000       .debug$S                   0000000180000000     ucrt:api-ms-win-crt-stdio-l1-1-0.dll
 0000:fffdf000       .debug$S                   0000000180000000     ucrt:api-ms-win-crt-stdio-l1-1-0.dll
 0000:fffdf000       .debug$S                   0000000180000000     ucrt:api-ms-win-crt-runtime-l1-1-0.dll
 0000:fffdf000       .debug$S                   0000000180000000     ucrt:api-ms-win-crt-runtime-l1-1-0.dll
 0000:fffdf000       .debug$S                   0000000180000000     ucrt:api-ms-win-crt-stdio-l1-1-0.dll
 0000:fffdf000       .debug$S                   0000000180000000     ucrt:api-ms-win-crt-stdio-l1-1-0.dll
 0000:fffdf000       .debug$S                   0000000180000000     ucrt:api-ms-win-crt-stdio-l1-1-0.dll
 0000:fffdf000       .debug$S                   0000000180000000     ucrt:api-ms-win-crt-stdio-l1-1-0.dll
 0000:fffdf000       .debug$S                   0000000180000000     ucrt:api-ms-win-crt-stdio-l1-1-0.dll
 0000:fffdf000       .debug$S                   0000000180000000     ucrt:api-ms-win-crt-stdio-l1-1-0.dll
 0000:fffdf000       .debug$S                   0000000180000000     ucrt:api-ms-win-crt-stdio-l1-1-0.dll
 0000:fffdf000       .debug$S                   0000000180000000     ucrt:api-ms-win-crt-stdio-l1-1-0.dll
 0000:fffdf000       .debug$S                   0000000180000000     ucrt:api-ms-win-crt-stdio-l1-1-0.dll
 0000:fffdf000       .debug$S                   0000000180000000     ucrt:api-ms-win-crt-stdio-l1-1-0.dll
 0000:fffdf000       .debug$S                   0000000180000000     ucrt:api-ms-win-crt-utility-l1-1-0.dll
 0000:fffdf000       .debug$S                   0000000180000000     ucrt:api-ms-win-crt-utility-l1-1-0.dll
 0000:fffdf000       .debug$S                   0000000180000000     ucrt:api-ms-win-crt-time-l1-1-0.dll
 0000:fffdf000       .debug$S                   0000000180000000     ucrt:api-ms-win-crt-runtime-l1-1-0.dll
 0000:fffdf000       .debug$S                   0000000180000000     ucrt:api-ms-win-crt-runtime-l1-1-0.dll
 0000:fffdf000       .debug$S                   0000000180000000     ucrt:api-ms-win-crt-runtime-l1-1-0.dll
 0000:fffdf000       .debug$S                   0000000180000000     ucrt:api-ms-win-crt-runtime-l1-1-0.dll
 0000:fffdf000       .debug$S                   0000000180000000     ucrt:api-ms-win-crt-runtime-l1-1-0.dll
 0000:fffdf000       .debug$S                   0000000180000000     ucrt:api-ms-win-crt-runtime-l1-1-0.dll
 0000:fffdf000       .debug$S                   0000000180000000     ucrt:api-ms-win-crt-runtime-l1-1-0.dll
 0000:fffdf000       .debug$S                   0000000180000000     ucrt:api-ms-win-crt-runtime-l1-1-0.dll
 0000:fffdf000       .debug$S                   0000000180000000     ucrt:api-ms-win-crt-runtime-l1-1-0.dll
 0000:fffdf000       .debug$S                   0000000180000000     ucrt:api-ms-win-crt-runtime-l1-1-0.dll
 0000:fffdf000       .debug$S                   0000000180000000     ucrt:api-ms-win-crt-runtime-l1-1-0.dll
 0000:fffdf000       .debug$S                   0000000180000000     ucrt:api-ms-win-crt-runtime-l1-1-0.dll
 0001:000002f0       adler32_combine_           00000001800012f0 f   adler32.obj
 0001:00000540       crc32_little               0000000180001540 f   crc32.obj
 0001:00000850       crc32_big                  0000000180001850 f   crc32.obj
 0001:00000bd0       gf2_matrix_times           0000000180001bd0 f   crc32.obj
 0001:00000bf0       gf2_matrix_square          0000000180001bf0 f   crc32.obj
 0001:00000c30       crc32_combine_             0000000180001c30 f   crc32.obj
 0001:00000df0       slide_hash                 0000000180001df0 f   deflate.obj
 0001:00001140       deflateStateCheck          0000000180002140 f   deflate.obj
 0001:00001920       putShortMSB                0000000180002920 f   deflate.obj
 0001:00001950       flush_pending              0000000180002950 f   deflate.obj
 0001:000025a0       read_buf                   00000001800035a0 f   deflate.obj
 0001:00002640       lm_init                    0000000180003640 f   deflate.obj
 0001:00002700       fill_window                0000000180003700 f   deflate.obj
 0001:00002920       deflate_stored             0000000180003920 f   deflate.obj
 0001:00002d20       deflate_fast               0000000180003d20 f   deflate.obj
 0001:00003140       deflate_slow               0000000180004140 f   deflate.obj
 0001:00003660       deflate_rle                0000000180004660 f   deflate.obj
 0001:00003980       deflate_huff               0000000180004980 f   deflate.obj
 0001:00003c50       gz_reset                   0000000180004c50 f   gzlib.obj
 0001:00003ca0       gz_open                    0000000180004ca0 f   gzlib.obj
 0001:00003f50       $LN53                      0000000180004f50     gzlib.obj
 0001:00003f7c       $LN52                      0000000180004f7c     gzlib.obj
 0001:00004540       gz_load                    0000000180005540 f   gzread.obj
 0001:000045f0       gz_avail                   00000001800055f0 f   gzread.obj
 0001:00004680       gz_look                    0000000180005680 f   gzread.obj
 0001:00004860       gz_decomp                  0000000180005860 f   gzread.obj
 0001:00004970       gz_fetch                   0000000180005970 f   gzread.obj
 0001:00004a20       gz_skip                    0000000180005a20 f   gzread.obj
 0001:00004aa0       gz_read                    0000000180005aa0 f   gzread.obj
 0001:000050d0       gz_init                    00000001800060d0 f   gzwrite.obj
 0001:00005200       gz_comp                    0000000180006200 f   gzwrite.obj
 0001:000053c0       gz_zero                    00000001800063c0 f   gzwrite.obj
 0001:00005470       gz_write                   0000000180006470 f   gzwrite.obj
 0001:00005c60       fixedtables                0000000180006c60 f   infback.obj
 0001:00006b50       $LN478                     0000000180007b50     infback.obj
 0001:00006dc0       inflateStateCheck          0000000180007dc0 f   inflate.obj
 0001:000070d0       fixedtables                00000001800080d0 f   inflate.obj
 0001:00007100       updatewindow               0000000180008100 f   inflate.obj
 0001:00008914       $LN843                     0000000180009914     inflate.obj
 0001:00008b60       syncsearch                 0000000180009b60 f   inflate.obj
 0001:000095b0       fopen_file_func            000000018000a5b0 f   ioapi.obj
 0001:00009600       fopen64_file_func          000000018000a600 f   ioapi.obj
 0001:00009650       fread_file_func            000000018000a650 f   ioapi.obj
 0001:00009670       fwrite_file_func           000000018000a670 f   ioapi.obj
 0001:00009690       ftell_file_func            000000018000a690 f   ioapi.obj
 0001:000096a0       ftell64_file_func          000000018000a6a0 f   ioapi.obj
 0001:000096b0       fseek_file_func            000000018000a6b0 f   ioapi.obj
 0001:00009710       fseek64_file_func          000000018000a710 f   ioapi.obj
 0001:00009770       fclose_file_func           000000018000a770 f   ioapi.obj
 0001:00009780       ferror_file_func           000000018000a780 f   ioapi.obj
 0001:000097f0       win32_translate_open_mode  000000018000a7f0 f   iowin32.obj
 0001:00009850       win32_build_iowin          000000018000a850 f   iowin32.obj
 0001:00009ba0       MySetFilePointerEx         000000018000aba0 f   iowin32.obj
 0001:00009fb0       tr_static_init             000000018000afb0 f   trees.obj
 0001:0000a030       init_block                 000000018000b030 f   trees.obj
 0001:0000a200       pqdownheap                 000000018000b200 f   trees.obj
 0001:0000a2f0       gen_bitlen                 000000018000b2f0 f   trees.obj
 0001:0000a500       gen_codes                  000000018000b500 f   trees.obj
 0001:0000a620       build_tree                 000000018000b620 f   trees.obj
 0001:0000a880       scan_tree                  000000018000b880 f   trees.obj
 0001:0000a990       send_tree                  000000018000b990 f   trees.obj
 0001:0000af00       build_bl_tree              000000018000bf00 f   trees.obj
 0001:0000afd0       send_all_trees             000000018000bfd0 f   trees.obj
 0001:0000b690       compress_block             000000018000c690 f   trees.obj
 0001:0000baf0       detect_data_type           000000018000caf0 f   trees.obj
 0001:0000bb70       bi_reverse                 000000018000cb70 f   trees.obj
 0001:0000bb90       bi_flush                   000000018000cb90 f   trees.obj
 0001:0000bc10       bi_windup                  000000018000cc10 f   trees.obj
 0001:0000bdf0       unz64local_getByte         000000018000cdf0 f   unzip.obj
 0001:0000be60       unz64local_getShort        000000018000ce60 f   unzip.obj
 0001:0000bee0       unz64local_getLong         000000018000cee0 f   unzip.obj
 0001:0000bfb0       unz64local_getLong64       000000018000cfb0 f   unzip.obj
 0001:0000c130       strcmpcasenosensitive_internal 000000018000d130 f   unzip.obj
 0001:0000c1e0       unz64local_SearchCentralDir 000000018000d1e0 f   unzip.obj
 0001:0000c340       unz64local_SearchCentralDir64 000000018000d340 f   unzip.obj
 0001:0000c550       unzOpenInternal            000000018000d550 f   unzip.obj
 0001:0000cb10       unz64local_DosDateToTmuDate 000000018000db10 f   unzip.obj
 0001:0000cb70       unz64local_GetCurrentFileInfoInternal 000000018000db70 f   unzip.obj
 0001:0000d680       unz64local_CheckCurrentFileCoherencyHeader 000000018000e680 f   unzip.obj
 0001:0000e160       time                       000000018000f160 f   zip.obj
 0001:0000e170       decrypt_byte               000000018000f170 f   zip.obj
 0001:0000e190       update_keys                000000018000f190 f   zip.obj
 0001:0000e1e0       init_keys                  000000018000f1e0 f   zip.obj
 0001:0000e250       crypthead                  000000018000f250 f   zip.obj
 0001:0000e3a0       allocate_new_datablock     000000018000f3a0 f   zip.obj
 0001:0000e3d0       free_datablock             000000018000f3d0 f   zip.obj
 0001:0000e400       init_linkedlist            000000018000f400 f   zip.obj
 0001:0000e410       free_linkedlist            000000018000f410 f   zip.obj
 0001:0000e430       add_data_in_datablock      000000018000f430 f   zip.obj
 0001:0000e510       zip64local_putValue        000000018000f510 f   zip.obj
 0001:0000e580       zip64local_putValue_inmemory 000000018000f580 f   zip.obj
 0001:0000e5d0       zip64local_TmzDateToDosDate 000000018000f5d0 f   zip.obj
 0001:0000e620       zip64local_getByte         000000018000f620 f   zip.obj
 0001:0000e690       zip64local_getShort        000000018000f690 f   zip.obj
 0001:0000e710       zip64local_getLong         000000018000f710 f   zip.obj
 0001:0000e7e0       zip64local_getLong64       000000018000f7e0 f   zip.obj
 0001:0000e960       zip64local_SearchCentralDir 000000018000f960 f   zip.obj
 0001:0000eac0       zip64local_SearchCentralDir64 000000018000fac0 f   zip.obj
 0001:0000fea0       zip64FlushWriteBuffer      0000000180010ea0 f   zip.obj
 0001:00010ab0       $$000000                   0000000180011ab0     gvmat64.obj
 0001:00010d90       $$000000                   0000000180011d90     inffasx64.obj
 0001:000110d4       ?dllmain_crt_dispatch@@YAHQEAUHINSTANCE__@@KQEAX@Z 00000001800120d4 f   MSVCRT:dll_dllmain.obj
 0001:00011124       ?dllmain_crt_process_attach@@YAHQEAUHINSTANCE__@@QEAX@Z 0000000180012124 f   MSVCRT:dll_dllmain.obj
 0001:00011240       ?dllmain_crt_process_detach@@YAH_N@Z 0000000180012240 f   MSVCRT:dll_dllmain.obj
 0001:000112d0       ?dllmain_dispatch@@YAHQEAUHINSTANCE__@@KQEAX@Z 00000001800122d0 f   MSVCRT:dll_dllmain.obj
 0001:00011404       ?dllmain_raw@@YAHQEAUHINSTANCE__@@KQEAX@Z 0000000180012404 f   MSVCRT:dll_dllmain.obj
 0001:00011468       __get_entropy              0000000180012468 f   MSVCRT:gs_support.obj
 0001:0001163c       ?find_pe_section@@YAPEAU_IMAGE_SECTION_HEADER@@QEAE_K@Z 000000018001263c f   MSVCRT:utility.obj
 0001:00011690       ?is_potentially_valid_image_base@@YA_NQEAX@Z 0000000180012690 f   MSVCRT:utility.obj
 0001:000120c0       $$000000                   00000001800130c0     MSVCRT:chkstk.obj
 0001:00012130       $$000000                   0000000180013130     MSVCRT:guard_dispatch.obj
 0001:00012142       ?fin$0@?0??dllmain_crt_process_attach@@YAHQEAUHINSTANCE__@@QEAX@Z@4HA 0000000180013142 f   MSVCRT:dll_dllmain.obj
 0001:00012159       ?fin$0@?0??dllmain_crt_process_detach@@YAH_N@Z@4HA 0000000180013159 f   MSVCRT:dll_dllmain.obj
 0001:00012175       ?filt$0@?0??dllmain_dispatch@@YAHQEAUHINSTANCE__@@KQEAX@Z@4HA 0000000180013175 f   MSVCRT:dll_dllmain.obj
 0001:000121ab       __scrt_is_nonwritable_in_current_image$filt$0 00000001800131ab f   MSVCRT:utility.obj
 0002:000002a0       crc_table                  00000001800142a0     crc32.obj
 0002:000022a0       ?my_version@?1??deflateInit2_@@9@9 00000001800162a0     deflate.obj
 0002:000022b0       configuration_table        00000001800162b0     deflate.obj
 0002:00002350       ?lenfix@?1??fixedtables@@9@9 0000000180016350     infback.obj
 0002:00002b50       ?distfix@?1??fixedtables@@9@9 0000000180016b50     infback.obj
 0002:00002bd0       ?order@?1??inflateBack@@9@9 0000000180016bd0     infback.obj
 0002:00002c00       ?lenfix@?1??fixedtables@@9@9 0000000180016c00     inflate.obj
 0002:00003400       ?distfix@?1??fixedtables@@9@9 0000000180017400     inflate.obj
 0002:00003480       ?order@?1??inflate@@9@9    0000000180017480     inflate.obj
 0002:000034b0       ?dext@?1??inflate_table@@9@9 00000001800174b0     inftrees.obj
 0002:000034f0       ?lext@?1??inflate_table@@9@9 00000001800174f0     inftrees.obj
 0002:00003530       ?lbase@?1??inflate_table@@9@9 0000000180017530     inftrees.obj
 0002:00003570       ?dbase@?1??inflate_table@@9@9 0000000180017570     inftrees.obj
 0002:000038b0       static_dtree               00000001800178b0     trees.obj
 0002:00003930       extra_blbits               0000000180017930     trees.obj
 0002:00003980       extra_lbits                0000000180017980     trees.obj
 0002:00003a00       base_dist                  0000000180017a00     trees.obj
 0002:00003a80       base_length                0000000180017a80     trees.obj
 0002:00003af8       static_l_desc              0000000180017af8     trees.obj
 0002:00003b18       static_bl_desc             0000000180017b18     trees.obj
 0002:00003b40       extra_dbits                0000000180017b40     trees.obj
 0002:00003bc0       static_ltree               0000000180017bc0     trees.obj
 0002:00004040       static_d_desc              0000000180018040     trees.obj
 0002:00004060       bl_order                   0000000180018060     trees.obj
 0002:000049a0       $unwind$adler32_combine_   00000001800189a0     adler32.obj
 0002:000049a8       $unwind$compress2          00000001800189a8     compress.obj
 0002:000049c0       $unwind$compress           00000001800189c0     compress.obj
 0002:000049c8       $unwind$crc32_little       00000001800189c8     crc32.obj
 0002:000049d0       $chain$0$crc32_little      00000001800189d0     crc32.obj
 0002:000049e4       $chain$1$crc32_little      00000001800189e4     crc32.obj
 0002:000049f4       $unwind$crc32_big          00000001800189f4     crc32.obj
 0002:000049fc       $chain$0$crc32_big         00000001800189fc     crc32.obj
 0002:00004a10       $chain$1$crc32_big         0000000180018a10     crc32.obj
 0002:00004a20       $unwind$gf2_matrix_square  0000000180018a20     crc32.obj
 0002:00004a28       $unwind$crc32_combine_     0000000180018a28     crc32.obj
 0002:00004a40       $unwind$slide_hash         0000000180018a40     deflate.obj
 0002:00004a48       $unwind$deflateInit_       0000000180018a48     deflate.obj
 0002:00004a50       $unwind$deflateInit2_      0000000180018a50     deflate.obj
 0002:00004a60       $chain$1$deflateInit2_     0000000180018a60     deflate.obj
 0002:00004a78       $chain$2$deflateInit2_     0000000180018a78     deflate.obj
 0002:00004a8c       $chain$3$deflateInit2_     0000000180018a8c     deflate.obj
 0002:00004a9c       $chain$5$deflateInit2_     0000000180018a9c     deflate.obj
 0002:00004ab8       $chain$6$deflateInit2_     0000000180018ab8     deflate.obj
 0002:00004ad0       $chain$7$deflateInit2_     0000000180018ad0     deflate.obj
 0002:00004ae0       $unwind$deflateSetDictionary 0000000180018ae0     deflate.obj
 0002:00004af0       $chain$2$deflateSetDictionary 0000000180018af0     deflate.obj
 0002:00004b0c       $chain$3$deflateSetDictionary 0000000180018b0c     deflate.obj
 0002:00004b1c       $unwind$deflateGetDictionary 0000000180018b1c     deflate.obj
 0002:00004b28       $unwind$deflateResetKeep   0000000180018b28     deflate.obj
 0002:00004b38       $unwind$deflateReset       0000000180018b38     deflate.obj
 0002:00004b44       $unwind$deflateSetHeader   0000000180018b44     deflate.obj
 0002:00004b4c       $unwind$deflatePending     0000000180018b4c     deflate.obj
 0002:00004b54       $unwind$deflatePrime       0000000180018b54     deflate.obj
 0002:00004b60       $unwind$deflateParams      0000000180018b60     deflate.obj
 0002:00004b78       $unwind$deflateTune        0000000180018b78     deflate.obj
 0002:00004b80       $unwind$deflateBound       0000000180018b80     deflate.obj
 0002:00004b88       $unwind$flush_pending      0000000180018b88     deflate.obj
 0002:00004b98       $unwind$deflate            0000000180018b98     deflate.obj
 0002:00004ba4       $chain$4$deflate           0000000180018ba4     deflate.obj
 0002:00004bc8       $chain$6$deflate           0000000180018bc8     deflate.obj
 0002:00004bec       $chain$7$deflate           0000000180018bec     deflate.obj
 0002:00004c00       $chain$8$deflate           0000000180018c00     deflate.obj
 0002:00004c10       $unwind$deflateEnd         0000000180018c10     deflate.obj
 0002:00004c1c       $unwind$deflateCopy        0000000180018c1c     deflate.obj
 0002:00004c24       $chain$1$deflateCopy       0000000180018c24     deflate.obj
 0002:00004c3c       $chain$4$deflateCopy       0000000180018c3c     deflate.obj
 0002:00004c58       $chain$6$deflateCopy       0000000180018c58     deflate.obj
 0002:00004c74       $chain$7$deflateCopy       0000000180018c74     deflate.obj
 0002:00004c84       $unwind$read_buf           0000000180018c84     deflate.obj
 0002:00004c98       $unwind$lm_init            0000000180018c98     deflate.obj
 0002:00004ca4       $unwind$fill_window        0000000180018ca4     deflate.obj
 0002:00004cb4       $unwind$deflate_stored     0000000180018cb4     deflate.obj
 0002:00004cc4       $chain$2$deflate_stored    0000000180018cc4     deflate.obj
 0002:00004ce0       $chain$3$deflate_stored    0000000180018ce0     deflate.obj
 0002:00004cf8       $chain$4$deflate_stored    0000000180018cf8     deflate.obj
 0002:00004d0c       $unwind$deflate_fast       0000000180018d0c     deflate.obj
 0002:00004d28       $unwind$deflate_slow       0000000180018d28     deflate.obj
 0002:00004d44       $unwind$deflate_rle        0000000180018d44     deflate.obj
 0002:00004d5c       $unwind$deflate_huff       0000000180018d5c     deflate.obj
 0002:00004d6c       $unwind$vsnprintf          0000000180018d6c     gzlib.obj
 0002:00004d80       $unwind$snprintf           0000000180018d80     gzlib.obj
 0002:00004d90       $unwind$gz_reset           0000000180018d90     gzlib.obj
 0002:00004d9c       $unwind$gz_open            0000000180018d9c     gzlib.obj
 0002:00004db0       $chain$1$gz_open           0000000180018db0     gzlib.obj
 0002:00004dc8       $chain$3$gz_open           0000000180018dc8     gzlib.obj
 0002:00004de0       $chain$4$gz_open           0000000180018de0     gzlib.obj
 0002:00004df0       $unwind$gzdopen            0000000180018df0     gzlib.obj
 0002:00004e00       $unwind$gzrewind           0000000180018e00     gzlib.obj
 0002:00004e08       $unwind$gzseek64           0000000180018e08     gzlib.obj
 0002:00004e18       $unwind$gzseek             0000000180018e18     gzlib.obj
 0002:00004e20       $unwind$gztell             0000000180018e20     gzlib.obj
 0002:00004e28       $unwind$gzoffset64         0000000180018e28     gzlib.obj
 0002:00004e30       $unwind$gzoffset           0000000180018e30     gzlib.obj
 0002:00004e38       $unwind$gz_error           0000000180018e38     gzlib.obj
 0002:00004e48       $unwind$gz_load            0000000180018e48     gzread.obj
 0002:00004e60       $unwind$gz_avail           0000000180018e60     gzread.obj
 0002:00004e68       $unwind$gz_look            0000000180018e68     gzread.obj
 0002:00004e78       $unwind$gz_decomp          0000000180018e78     gzread.obj
 0002:00004e8c       $unwind$gz_fetch           0000000180018e8c     gzread.obj
 0002:00004e94       $unwind$gz_skip            0000000180018e94     gzread.obj
 0002:00004ea0       $unwind$gz_read            0000000180018ea0     gzread.obj
 0002:00004ebc       $unwind$gzread             0000000180018ebc     gzread.obj
 0002:00004ec4       $unwind$gzfread            0000000180018ec4     gzread.obj
 0002:00004ecc       $unwind$gzgetc             0000000180018ecc     gzread.obj
 0002:00004ed4       $unwind$gzungetc           0000000180018ed4     gzread.obj
 0002:00004ee0       $unwind$gzgets             0000000180018ee0     gzread.obj
 0002:00004efc       $unwind$gzdirect           0000000180018efc     gzread.obj
 0002:00004f04       $unwind$gzclose_r          0000000180018f04     gzread.obj
 0002:00004f0c       $chain$1$gzclose_r         0000000180018f0c     gzread.obj
 0002:00004f24       $chain$2$gzclose_r         0000000180018f24     gzread.obj
 0002:00004f34       $unwind$gz_init            0000000180018f34     gzwrite.obj
 0002:00004f40       $chain$0$gz_init           0000000180018f40     gzwrite.obj
 0002:00004f54       $chain$2$gz_init           0000000180018f54     gzwrite.obj
 0002:00004f68       $unwind$gz_comp            0000000180018f68     gzwrite.obj
 0002:00004f80       $unwind$gz_zero            0000000180018f80     gzwrite.obj
 0002:00004f94       $unwind$gz_write           0000000180018f94     gzwrite.obj
 0002:00004fac       $unwind$gzwrite            0000000180018fac     gzwrite.obj
 0002:00004fb4       $unwind$gzfwrite           0000000180018fb4     gzwrite.obj
 0002:00004fbc       $unwind$gzputc             0000000180018fbc     gzwrite.obj
 0002:00004fc8       $unwind$gzputs             0000000180018fc8     gzwrite.obj
 0002:00004fd0       $chain$0$gzputs            0000000180018fd0     gzwrite.obj
 0002:00004fe4       $chain$1$gzputs            0000000180018fe4     gzwrite.obj
 0002:00004ff4       $unwind$gzvprintf          0000000180018ff4     gzwrite.obj
 0002:00005004       $chain$0$gzvprintf         0000000180019004     gzwrite.obj
 0002:00005018       $chain$2$gzvprintf         0000000180019018     gzwrite.obj
 0002:0000502c       $chain$3$gzvprintf         000000018001902c     gzwrite.obj
 0002:0000503c       $unwind$gzprintf           000000018001903c     gzwrite.obj
 0002:00005044       $unwind$gzflush            0000000180019044     gzwrite.obj
 0002:00005050       $unwind$gzsetparams        0000000180019050     gzwrite.obj
 0002:00005064       $unwind$gzclose_w          0000000180019064     gzwrite.obj
 0002:00005070       $unwind$inflateBackInit_   0000000180019070     infback.obj
 0002:00005080       $chain$1$inflateBackInit_  0000000180019080     infback.obj
 0002:00005098       $chain$3$inflateBackInit_  0000000180019098     infback.obj
 0002:000050b0       $chain$4$inflateBackInit_  00000001800190b0     infback.obj
 0002:000050c0       $unwind$inflateBack        00000001800190c0     infback.obj
 0002:000050d0       $chain$3$inflateBack       00000001800190d0     infback.obj
 0002:000050f0       $chain$4$inflateBack       00000001800190f0     infback.obj
 0002:00005100       $unwind$inflateBackEnd     0000000180019100     infback.obj
 0002:00005108       $unwind$inflate_fast       0000000180019108     inffas8664.obj
 0002:00005120       $unwind$inflateResetKeep   0000000180019120     inflate.obj
 0002:00005128       $unwind$inflateReset       0000000180019128     inflate.obj
 0002:00005130       $unwind$inflateReset2      0000000180019130     inflate.obj
 0002:00005144       $unwind$inflateInit2_      0000000180019144     inflate.obj
 0002:00005150       $chain$1$inflateInit2_     0000000180019150     inflate.obj
 0002:00005168       $chain$3$inflateInit2_     0000000180019168     inflate.obj
 0002:00005180       $chain$4$inflateInit2_     0000000180019180     inflate.obj
 0002:00005190       $unwind$inflatePrime       0000000180019190     inflate.obj
 0002:00005198       $unwind$updatewindow       0000000180019198     inflate.obj
 0002:000051b0       $unwind$inflate            00000001800191b0     inflate.obj
 0002:000051c8       $unwind$inflateEnd         00000001800191c8     inflate.obj
 0002:000051d0       $unwind$inflateGetDictionary 00000001800191d0     inflate.obj
 0002:000051e0       $unwind$inflateSetDictionary 00000001800191e0     inflate.obj
 0002:000051f4       $unwind$inflateGetHeader   00000001800191f4     inflate.obj
 0002:000051fc       $unwind$syncsearch         00000001800191fc     inflate.obj
 0002:00005204       $unwind$inflateSync        0000000180019204     inflate.obj
 0002:0000520c       $chain$0$inflateSync       000000018001920c     inflate.obj
 0002:00005220       $chain$4$inflateSync       0000000180019220     inflate.obj
 0002:0000523c       $unwind$inflateSyncPoint   000000018001923c     inflate.obj
 0002:00005244       $unwind$inflateCopy        0000000180019244     inflate.obj
 0002:00005250       $chain$2$inflateCopy       0000000180019250     inflate.obj
 0002:0000526c       $chain$3$inflateCopy       000000018001926c     inflate.obj
 0002:00005280       $chain$4$inflateCopy       0000000180019280     inflate.obj
 0002:00005290       $chain$6$inflateCopy       0000000180019290     inflate.obj
 0002:000052b0       $chain$7$inflateCopy       00000001800192b0     inflate.obj
 0002:000052c0       $unwind$inflateUndermine   00000001800192c0     inflate.obj
 0002:000052c8       $unwind$inflateValidate    00000001800192c8     inflate.obj
 0002:000052d0       $unwind$inflateMark        00000001800192d0     inflate.obj
 0002:000052d8       $unwind$inflateCodesUsed   00000001800192d8     inflate.obj
 0002:000052e0       $unwind$inflate_table      00000001800192e0     inftrees.obj
 0002:000052f4       $chain$0$inflate_table     00000001800192f4     inftrees.obj
 0002:00005308       $chain$1$inflate_table     0000000180019308     inftrees.obj
 0002:0000531c       $chain$2$inflate_table     000000018001931c     inftrees.obj
 0002:0000532c       $chain$4$inflate_table     000000018001932c     inftrees.obj
 0002:00005344       $chain$5$inflate_table     0000000180019344     inftrees.obj
 0002:00005358       $unwind$call_ztell64       0000000180019358     ioapi.obj
 0002:00005360       $unwind$fseek_file_func    0000000180019360     ioapi.obj
 0002:00005368       $unwind$fseek64_file_func  0000000180019368     ioapi.obj
 0002:00005370       $unwind$win32_build_iowin  0000000180019370     iowin32.obj
 0002:00005378       $chain$0$win32_build_iowin 0000000180019378     iowin32.obj
 0002:0000538c       $chain$2$win32_build_iowin 000000018001938c     iowin32.obj
 0002:000053a0       $chain$3$win32_build_iowin 00000001800193a0     iowin32.obj
 0002:000053b0       $unwind$win32_open64_file_func 00000001800193b0     iowin32.obj
 0002:000053b8       $unwind$win32_open64_file_funcA 00000001800193b8     iowin32.obj
 0002:000053c0       $unwind$win32_open64_file_funcW 00000001800193c0     iowin32.obj
 0002:000053c8       $unwind$win32_open_file_func 00000001800193c8     iowin32.obj
 0002:000053d0       $unwind$win32_read_file_func 00000001800193d0     iowin32.obj
 0002:000053dc       $unwind$win32_write_file_func 00000001800193dc     iowin32.obj
 0002:000053e8       $unwind$MySetFilePointerEx 00000001800193e8     iowin32.obj
 0002:000053f8       $unwind$win32_tell_file_func 00000001800193f8     iowin32.obj
 0002:00005400       $unwind$win32_tell64_file_func 0000000180019400     iowin32.obj
 0002:00005408       $unwind$win32_seek_file_func 0000000180019408     iowin32.obj
 0002:00005414       $unwind$win32_seek64_file_func 0000000180019414     iowin32.obj
 0002:00005420       $unwind$win32_close_file_func 0000000180019420     iowin32.obj
 0002:00005428       $chain$0$win32_close_file_func 0000000180019428     iowin32.obj
 0002:0000543c       $chain$1$win32_close_file_func 000000018001943c     iowin32.obj
 0002:0000544c       $unwind$pqdownheap         000000018001944c     trees.obj
 0002:00005458       $chain$0$pqdownheap        0000000180019458     trees.obj
 0002:0000546c       $chain$2$pqdownheap        000000018001946c     trees.obj
 0002:00005480       $chain$3$pqdownheap        0000000180019480     trees.obj
 0002:00005490       $unwind$gen_bitlen         0000000180019490     trees.obj
 0002:000054a4       $chain$1$gen_bitlen        00000001800194a4     trees.obj
 0002:000054bc       $chain$2$gen_bitlen        00000001800194bc     trees.obj
 0002:000054cc       $unwind$gen_codes          00000001800194cc     trees.obj
 0002:000054d4       $unwind$build_tree         00000001800194d4     trees.obj
 0002:000054f0       $unwind$scan_tree          00000001800194f0     trees.obj
 0002:000054f8       $chain$2$scan_tree         00000001800194f8     trees.obj
 0002:00005514       $chain$3$scan_tree         0000000180019514     trees.obj
 0002:00005524       $unwind$send_tree          0000000180019524     trees.obj
 0002:0000552c       $chain$6$send_tree         000000018001952c     trees.obj
 0002:00005558       $chain$7$send_tree         0000000180019558     trees.obj
 0002:00005568       $unwind$build_bl_tree      0000000180019568     trees.obj
[...]
 0004:0000057c       $pdata$gz_look             000000018001d57c     gzread.obj
 0004:00000588       $pdata$gz_avail            000000018001d588     gzread.obj
 0004:00000594       $pdata$gz_load             000000018001d594     gzread.obj
 0004:000005a0       $pdata$gzclose_r           000000018001d5a0     gzread.obj
 0004:000005ac       $pdata$1$gzclose_r         000000018001d5ac     gzread.obj
 0004:000005b8       $pdata$2$gzclose_r         000000018001d5b8     gzread.obj
 0004:000005c4       $pdata$gzsetparams         000000018001d5c4     gzwrite.obj
 0004:000005d0       $pdata$gzflush             000000018001d5d0     gzwrite.obj
 0004:000005dc       $pdata$gzprintf            000000018001d5dc     gzwrite.obj
 0004:000005e8       $pdata$gzvprintf           000000018001d5e8     gzwrite.obj
 0004:000005f4       $pdata$0$gzvprintf         000000018001d5f4     gzwrite.obj
 0004:00000600       $pdata$2$gzvprintf         000000018001d600     gzwrite.obj
 0004:0000060c       $pdata$3$gzvprintf         000000018001d60c     gzwrite.obj
 0004:00000618       $pdata$gzputs              000000018001d618     gzwrite.obj
 0004:00000624       $pdata$0$gzputs            000000018001d624     gzwrite.obj
 0004:00000630       $pdata$1$gzputs            000000018001d630     gzwrite.obj
 0004:0000063c       $pdata$gzputc              000000018001d63c     gzwrite.obj
 0004:00000648       $pdata$gzfwrite            000000018001d648     gzwrite.obj
 0004:00000654       $pdata$gzwrite             000000018001d654     gzwrite.obj
 0004:00000660       $pdata$gz_write            000000018001d660     gzwrite.obj
 0004:0000066c       $pdata$gz_zero             000000018001d66c     gzwrite.obj
 0004:00000678       $pdata$gz_comp             000000018001d678     gzwrite.obj
 0004:00000684       $pdata$gz_init             000000018001d684     gzwrite.obj
 0004:00000690       $pdata$0$gz_init           000000018001d690     gzwrite.obj
 0004:0000069c       $pdata$2$gz_init           000000018001d69c     gzwrite.obj
 0004:000006a8       $pdata$gzclose_w           000000018001d6a8     gzwrite.obj
 0004:000006b4       $pdata$inflateBackEnd      000000018001d6b4     infback.obj
 0004:000006c0       $pdata$inflateBack         000000018001d6c0     infback.obj
 0004:000006cc       $pdata$3$inflateBack       000000018001d6cc     infback.obj
 0004:000006d8       $pdata$4$inflateBack       000000018001d6d8     infback.obj
 0004:000006e4       $pdata$inflateBackInit_    000000018001d6e4     infback.obj
 0004:000006f0       $pdata$1$inflateBackInit_  000000018001d6f0     infback.obj
 0004:000006fc       $pdata$3$inflateBackInit_  000000018001d6fc     infback.obj
 0004:00000708       $pdata$4$inflateBackInit_  000000018001d708     infback.obj
 0004:00000714       $pdata$inflate_fast        000000018001d714     inffas8664.obj
 0004:00000720       $pdata$inflateCodesUsed    000000018001d720     inflate.obj
 0004:0000072c       $pdata$inflateMark         000000018001d72c     inflate.obj
 0004:00000738       $pdata$inflateValidate     000000018001d738     inflate.obj
 0004:00000744       $pdata$inflateUndermine    000000018001d744     inflate.obj
 0004:00000750       $pdata$inflateCopy         000000018001d750     inflate.obj
 0004:0000075c       $pdata$2$inflateCopy       000000018001d75c     inflate.obj
 0004:00000768       $pdata$3$inflateCopy       000000018001d768     inflate.obj
 0004:00000774       $pdata$4$inflateCopy       000000018001d774     inflate.obj
 0004:00000780       $pdata$6$inflateCopy       000000018001d780     inflate.obj
 0004:0000078c       $pdata$7$inflateCopy       000000018001d78c     inflate.obj
 0004:00000798       $pdata$inflateSyncPoint    000000018001d798     inflate.obj
 0004:000007a4       $pdata$inflateSync         000000018001d7a4     inflate.obj
 0004:000007b0       $pdata$0$inflateSync       000000018001d7b0     inflate.obj
 0004:000007bc       $pdata$4$inflateSync       000000018001d7bc     inflate.obj
 0004:000007c8       $pdata$syncsearch          000000018001d7c8     inflate.obj
 0004:000007d4       $pdata$inflateGetHeader    000000018001d7d4     inflate.obj
 0004:000007e0       $pdata$inflateSetDictionary 000000018001d7e0     inflate.obj
 0004:000007ec       $pdata$inflateGetDictionary 000000018001d7ec     inflate.obj
 0004:000007f8       $pdata$updatewindow        000000018001d7f8     inflate.obj
 0004:00000804       $pdata$inflatePrime        000000018001d804     inflate.obj
 0004:00000810       $pdata$inflateReset2       000000018001d810     inflate.obj
 0004:0000081c       $pdata$inflateResetKeep    000000018001d81c     inflate.obj
 0004:00000828       $pdata$inflateEnd          000000018001d828     inflate.obj
 0004:00000834       $pdata$inflate             000000018001d834     inflate.obj
 0004:00000840       $pdata$inflateInit2_       000000018001d840     inflate.obj
 0004:0000084c       $pdata$1$inflateInit2_     000000018001d84c     inflate.obj
 0004:00000858       $pdata$3$inflateInit2_     000000018001d858     inflate.obj
 0004:00000864       $pdata$4$inflateInit2_     000000018001d864     inflate.obj
 0004:00000870       $pdata$inflateReset        000000018001d870     inflate.obj
 0004:0000087c       $pdata$inflate_table       000000018001d87c     inftrees.obj
 0004:00000888       $pdata$0$inflate_table     000000018001d888     inftrees.obj
 0004:00000894       $pdata$1$inflate_table     000000018001d894     inftrees.obj
 0004:000008a0       $pdata$2$inflate_table     000000018001d8a0     inftrees.obj
 0004:000008ac       $pdata$4$inflate_table     000000018001d8ac     inftrees.obj
 0004:000008b8       $pdata$5$inflate_table     000000018001d8b8     inftrees.obj
 0004:000008c4       $pdata$fseek64_file_func   000000018001d8c4     ioapi.obj
 0004:000008d0       $pdata$fseek_file_func     000000018001d8d0     ioapi.obj
 0004:000008dc       $pdata$call_ztell64        000000018001d8dc     ioapi.obj
 0004:000008e8       $pdata$win32_close_file_func 000000018001d8e8     iowin32.obj
 0004:000008f4       $pdata$0$win32_close_file_func 000000018001d8f4     iowin32.obj
 0004:00000900       $pdata$1$win32_close_file_func 000000018001d900     iowin32.obj
 0004:0000090c       $pdata$win32_seek64_file_func 000000018001d90c     iowin32.obj
 0004:00000918       $pdata$win32_seek_file_func 000000018001d918     iowin32.obj
 0004:00000924       $pdata$win32_tell64_file_func 000000018001d924     iowin32.obj
 0004:00000930       $pdata$win32_tell_file_func 000000018001d930     iowin32.obj
 0004:0000093c       $pdata$MySetFilePointerEx  000000018001d93c     iowin32.obj
 0004:00000948       $pdata$win32_write_file_func 000000018001d948     iowin32.obj
 0004:00000954       $pdata$win32_read_file_func 000000018001d954     iowin32.obj
 0004:00000960       $pdata$win32_open_file_func 000000018001d960     iowin32.obj
 0004:0000096c       $pdata$win32_open64_file_funcW 000000018001d96c     iowin32.obj
 0004:00000978       $pdata$win32_open64_file_funcA 000000018001d978     iowin32.obj
 0004:00000984       $pdata$win32_open64_file_func 000000018001d984     iowin32.obj
 0004:00000990       $pdata$win32_build_iowin   000000018001d990     iowin32.obj
 0004:0000099c       $pdata$0$win32_build_iowin 000000018001d99c     iowin32.obj
 0004:000009a8       $pdata$2$win32_build_iowin 000000018001d9a8     iowin32.obj
 0004:000009b4       $pdata$3$win32_build_iowin 000000018001d9b4     iowin32.obj
 0004:000009c0       $pdata$compress_block      000000018001d9c0     trees.obj
 0004:000009cc       $pdata$2$compress_block    000000018001d9cc     trees.obj
 0004:000009d8       $pdata$6$compress_block    000000018001d9d8     trees.obj
 0004:000009e4       $pdata$7$compress_block    000000018001d9e4     trees.obj
 0004:000009f0       $pdata$8$compress_block    000000018001d9f0     trees.obj
 0004:000009fc       $pdata$send_all_trees      000000018001d9fc     trees.obj
 0004:00000a08       $pdata$build_bl_tree       000000018001da08     trees.obj
 0004:00000a14       $pdata$send_tree           000000018001da14     trees.obj
 0004:00000a20       $pdata$6$send_tree         000000018001da20     trees.obj
 0004:00000a2c       $pdata$7$send_tree         000000018001da2c     trees.obj
 0004:00000a38       $pdata$scan_tree           000000018001da38     trees.obj
 0004:00000a44       $pdata$2$scan_tree         000000018001da44     trees.obj
 0004:00000a50       $pdata$3$scan_tree         000000018001da50     trees.obj
 0004:00000a5c       $pdata$build_tree          000000018001da5c     trees.obj
 0004:00000a68       $pdata$gen_codes           000000018001da68     trees.obj
 0004:00000a74       $pdata$gen_bitlen          000000018001da74     trees.obj
 0004:00000a80       $pdata$1$gen_bitlen        000000018001da80     trees.obj
 0004:00000a8c       $pdata$2$gen_bitlen        000000018001da8c     trees.obj
 0004:00000a98       $pdata$pqdownheap          000000018001da98     trees.obj
 0004:00000aa4       $pdata$0$pqdownheap        000000018001daa4     trees.obj
 0004:00000ab0       $pdata$2$pqdownheap        000000018001dab0     trees.obj
 0004:00000abc       $pdata$3$pqdownheap        000000018001dabc     trees.obj
 0004:00000ac8       $pdata$_tr_flush_block     000000018001dac8     trees.obj
 0004:00000ad4       $pdata$_tr_stored_block    000000018001dad4     trees.obj
 0004:00000ae0       $pdata$uncompress          000000018001dae0     uncompr.obj
 0004:00000aec       $pdata$uncompress2         000000018001daec     uncompr.obj
 0004:00000af8       $pdata$0$uncompress2       000000018001daf8     uncompr.obj
 0004:00000b04       $pdata$1$uncompress2       000000018001db04     uncompr.obj
 0004:00000b10       $pdata$2$uncompress2       000000018001db10     uncompr.obj
 0004:00000b1c       $pdata$3$uncompress2       000000018001db1c     uncompr.obj
 0004:00000b28       $pdata$unzGetGlobalComment 000000018001db28     unzip.obj
 0004:00000b34       $pdata$unzCloseCurrentFile 000000018001db34     unzip.obj
 0004:00000b40       $pdata$unzGetLocalExtrafield 000000018001db40     unzip.obj
 0004:00000b4c       $pdata$unzReadCurrentFile  000000018001db4c     unzip.obj
 0004:00000b58       $pdata$5$unzReadCurrentFile 000000018001db58     unzip.obj
 0004:00000b64       $pdata$7$unzReadCurrentFile 000000018001db64     unzip.obj
 0004:00000b70       $pdata$8$unzReadCurrentFile 000000018001db70     unzip.obj
 0004:00000b7c       $pdata$unzOpenCurrentFile2 000000018001db7c     unzip.obj
 0004:00000b88       $pdata$unzOpenCurrentFilePassword 000000018001db88     unzip.obj
 0004:00000b94       $pdata$unzOpenCurrentFile  000000018001db94     unzip.obj
 0004:00000ba0       $pdata$unzOpenCurrentFile3 000000018001dba0     unzip.obj
 0004:00000bac       $pdata$0$unzOpenCurrentFile3 000000018001dbac     unzip.obj
 0004:00000bb8       $pdata$1$unzOpenCurrentFile3 000000018001dbb8     unzip.obj
 0004:00000bc4       $pdata$2$unzOpenCurrentFile3 000000018001dbc4     unzip.obj
 0004:00000bd0       $pdata$4$unzOpenCurrentFile3 000000018001dbd0     unzip.obj
 0004:00000bdc       $pdata$5$unzOpenCurrentFile3 000000018001dbdc     unzip.obj
 0004:00000be8       $pdata$unz64local_CheckCurrentFileCoherencyHeader 000000018001dbe8     unzip.obj
 0004:00000bf4       $pdata$unzGoToFilePos      000000018001dbf4     unzip.obj
 0004:00000c00       $pdata$unzGoToFilePos64    000000018001dc00     unzip.obj
 0004:00000c0c       $pdata$0$unzGoToFilePos64  000000018001dc0c     unzip.obj
 0004:00000c18       $pdata$1$unzGoToFilePos64  000000018001dc18     unzip.obj
 0004:00000c24       $pdata$unzGetFilePos       000000018001dc24     unzip.obj
 0004:00000c30       $pdata$unzLocateFile       000000018001dc30     unzip.obj
 0004:00000c3c       $pdata$3$unzLocateFile     000000018001dc3c     unzip.obj
 0004:00000c48       $pdata$5$unzLocateFile     000000018001dc48     unzip.obj
 0004:00000c54       $pdata$6$unzLocateFile     000000018001dc54     unzip.obj
 0004:00000c60       $pdata$unzGoToNextFile     000000018001dc60     unzip.obj
 0004:00000c6c       $pdata$0$unzGoToNextFile   000000018001dc6c     unzip.obj
 0004:00000c78       $pdata$1$unzGoToNextFile   000000018001dc78     unzip.obj
 0004:00000c84       $pdata$unzGoToFirstFile    000000018001dc84     unzip.obj
 0004:00000c90       $pdata$unzGetCurrentFileInfo 000000018001dc90     unzip.obj
 0004:00000c9c       $pdata$unzGetCurrentFileInfo64 000000018001dc9c     unzip.obj
 0004:00000ca8       $pdata$unz64local_GetCurrentFileInfoInternal 000000018001dca8     unzip.obj
 0004:00000cb4       $pdata$unzClose            000000018001dcb4     unzip.obj
 0004:00000cc0       $pdata$unzOpen2_64         000000018001dcc0     unzip.obj
 0004:00000ccc       $pdata$unzOpen2            000000018001dccc     unzip.obj
 0004:00000cd8       $pdata$unzOpenInternal     000000018001dcd8     unzip.obj
 0004:00000ce4       $pdata$3$unzOpenInternal   000000018001dce4     unzip.obj
 0004:00000cf0       $pdata$4$unzOpenInternal   000000018001dcf0     unzip.obj
 0004:00000cfc       $pdata$unz64local_SearchCentralDir64 000000018001dcfc     unzip.obj
 0004:00000d08       $pdata$0$unz64local_SearchCentralDir64 000000018001dd08     unzip.obj
 0004:00000d14       $pdata$1$unz64local_SearchCentralDir64 000000018001dd14     unzip.obj
 0004:00000d20       $pdata$2$unz64local_SearchCentralDir64 000000018001dd20     unzip.obj
 0004:00000d2c       $pdata$3$unz64local_SearchCentralDir64 000000018001dd2c     unzip.obj
 0004:00000d38       $pdata$unz64local_SearchCentralDir 000000018001dd38     unzip.obj
 0004:00000d44       $pdata$0$unz64local_SearchCentralDir 000000018001dd44     unzip.obj
 0004:00000d50       $pdata$1$unz64local_SearchCentralDir 000000018001dd50     unzip.obj
 0004:00000d5c       $pdata$2$unz64local_SearchCentralDir 000000018001dd5c     unzip.obj
 0004:00000d68       $pdata$3$unz64local_SearchCentralDir 000000018001dd68     unzip.obj
 0004:00000d74       $pdata$strcmpcasenosensitive_internal 000000018001dd74     unzip.obj
 0004:00000d80       $pdata$unz64local_getLong64 000000018001dd80     unzip.obj
 0004:00000d8c       $pdata$unz64local_getLong  000000018001dd8c     unzip.obj
 0004:00000d98       $pdata$unz64local_getShort 000000018001dd98     unzip.obj
 0004:00000da4       $pdata$unz64local_getByte  000000018001dda4     unzip.obj
 0004:00000db0       $pdata$zipClose            000000018001ddb0     zip.obj
 0004:00000dbc       $pdata$0$zipClose          000000018001ddbc     zip.obj
 0004:00000dc8       $pdata$1$zipClose          000000018001ddc8     zip.obj
 0004:00000dd4       $pdata$2$zipClose          000000018001ddd4     zip.obj
 0004:00000de0       $pdata$3$zipClose          000000018001dde0     zip.obj
 0004:00000dec       $pdata$4$zipClose          000000018001ddec     zip.obj
 0004:00000df8       $pdata$5$zipClose          000000018001ddf8     zip.obj
 0004:00000e04       $pdata$Write_GlobalComment 000000018001de04     zip.obj
 0004:00000e10       $pdata$Write_EndOfCentralDirectoryRecord 000000018001de10     zip.obj
 0004:00000e1c       $pdata$0$Write_EndOfCentralDirectoryRecord 000000018001de1c     zip.obj
 0004:00000e28       $pdata$1$Write_EndOfCentralDirectoryRecord 000000018001de28     zip.obj
 0004:00000e34       $pdata$Write_Zip64EndOfCentralDirectoryRecord 000000018001de34     zip.obj
 0004:00000e40       $pdata$Write_Zip64EndOfCentralDirectoryLocator 000000018001de40     zip.obj
 0004:00000e4c       $pdata$zipCloseFileInZipRaw64 000000018001de4c     zip.obj
 0004:00000e58       $pdata$3$zipCloseFileInZipRaw64 000000018001de58     zip.obj
 0004:00000e64       $pdata$5$zipCloseFileInZipRaw64 000000018001de64     zip.obj
 0004:00000e70       $pdata$6$zipCloseFileInZipRaw64 000000018001de70     zip.obj
 0004:00000e7c       $pdata$zipWriteInFileInZip 000000018001de7c     zip.obj
 0004:00000e88       $pdata$0$zipWriteInFileInZip 000000018001de88     zip.obj
 0004:00000e94       $pdata$2$zipWriteInFileInZip 000000018001de94     zip.obj
 0004:00000ea0       $pdata$3$zipWriteInFileInZip 000000018001dea0     zip.obj
 0004:00000eac       $pdata$zip64FlushWriteBuffer 000000018001deac     zip.obj
 0004:00000eb8       $pdata$0$zip64FlushWriteBuffer 000000018001deb8     zip.obj
 0004:00000ec4       $pdata$2$zip64FlushWriteBuffer 000000018001dec4     zip.obj
 0004:00000ed0       $pdata$3$zip64FlushWriteBuffer 000000018001ded0     zip.obj
 0004:00000edc       $pdata$4$zip64FlushWriteBuffer 000000018001dedc     zip.obj
 0004:00000ee8       $pdata$zipOpenNewFileInZip 000000018001dee8     zip.obj
 0004:00000ef4       $pdata$zipOpenNewFileInZip64 000000018001def4     zip.obj
 0004:00000f00       $pdata$zipOpenNewFileInZip2_64 000000018001df00     zip.obj
 0004:00000f0c       $pdata$zipOpenNewFileInZip2 000000018001df0c     zip.obj
 0004:00000f18       $pdata$zipOpenNewFileInZip3_64 000000018001df18     zip.obj
 0004:00000f24       $pdata$zipOpenNewFileInZip3 000000018001df24     zip.obj
 0004:00000f30       $pdata$zipOpenNewFileInZip4_64 000000018001df30     zip.obj
 0004:00000f3c       $pdata$3$zipOpenNewFileInZip4_64 000000018001df3c     zip.obj
 0004:00000f48       $pdata$4$zipOpenNewFileInZip4_64 000000018001df48     zip.obj
 0004:00000f54       $pdata$5$zipOpenNewFileInZip4_64 000000018001df54     zip.obj
 0004:00000f60       $pdata$6$zipOpenNewFileInZip4_64 000000018001df60     zip.obj
 0004:00000f6c       $pdata$7$zipOpenNewFileInZip4_64 000000018001df6c     zip.obj
 0004:00000f78       $pdata$Write_LocalFileHeader 000000018001df78     zip.obj
 0004:00000f84       $pdata$zipOpen2_64         000000018001df84     zip.obj
 0004:00000f90       $pdata$zipOpen2            000000018001df90     zip.obj
 0004:00000f9c       $pdata$zipOpen3            000000018001df9c     zip.obj
 0004:00000fa8       $pdata$LoadCentralDirectoryRecord 000000018001dfa8     zip.obj
 0004:00000fb4       $pdata$zip64local_SearchCentralDir64 000000018001dfb4     zip.obj
 0004:00000fc0       $pdata$0$zip64local_SearchCentralDir64 000000018001dfc0     zip.obj
 0004:00000fcc       $pdata$1$zip64local_SearchCentralDir64 000000018001dfcc     zip.obj
 0004:00000fd8       $pdata$2$zip64local_SearchCentralDir64 000000018001dfd8     zip.obj
 0004:00000fe4       $pdata$3$zip64local_SearchCentralDir64 000000018001dfe4     zip.obj
 0004:00000ff0       $pdata$zip64local_SearchCentralDir 000000018001dff0     zip.obj
 0004:00000ffc       $pdata$0$zip64local_SearchCentralDir 000000018001dffc     zip.obj
 0004:00001008       $pdata$1$zip64local_SearchCentralDir 000000018001e008     zip.obj
 0004:00001014       $pdata$2$zip64local_SearchCentralDir 000000018001e014     zip.obj
 0004:00001020       $pdata$3$zip64local_SearchCentralDir 000000018001e020     zip.obj
 0004:0000102c       $pdata$zip64local_getLong64 000000018001e02c     zip.obj
 0004:00001038       $pdata$zip64local_getLong  000000018001e038     zip.obj
 0004:00001044       $pdata$zip64local_getShort 000000018001e044     zip.obj
 0004:00001050       $pdata$zip64local_getByte  000000018001e050     zip.obj
 0004:0000105c       $pdata$zip64local_putValue_inmemory 000000018001e05c     zip.obj
 0004:00001068       $pdata$zip64local_putValue 000000018001e068     zip.obj
 0004:00001074       $pdata$0$zip64local_putValue 000000018001e074     zip.obj
 0004:00001080       $pdata$1$zip64local_putValue 000000018001e080     zip.obj
 0004:0000108c       $pdata$add_data_in_datablock 000000018001e08c     zip.obj
 0004:00001098       $pdata$free_linkedlist     000000018001e098     zip.obj
 0004:000010a4       $pdata$free_datablock      000000018001e0a4     zip.obj
 0004:000010b0       $pdata$0$free_datablock    000000018001e0b0     zip.obj
 0004:000010bc       $pdata$1$free_datablock    000000018001e0bc     zip.obj
 0004:000010c8       $pdata$allocate_new_datablock 000000018001e0c8     zip.obj
 0004:000010d4       $pdata$crypthead           000000018001e0d4     zip.obj
 0004:000010e0       $pdata$init_keys           000000018001e0e0     zip.obj
 0005:00000060       $R000000                   000000018001f060     zlib.res
